Archive member included to satisfy reference by file (symbol)

c:/st/stm32cubeide_1.9.0/stm32cubeide/plugins/com.st.stm32cube.ide.mcu.externaltools.gnu-tools-for-stm32.10.3-2021.10.win32_1.0.0.202111181127/tools/bin/../lib/gcc/arm-none-eabi/10.3.1/../../../../arm-none-eabi/lib/thumb/v7e-m+fp/hard\libc_nano.a(lib_a-errno.o)
                              ./Core/Src/syscalls.o (__errno)
c:/st/stm32cubeide_1.9.0/stm32cubeide/plugins/com.st.stm32cube.ide.mcu.externaltools.gnu-tools-for-stm32.10.3-2021.10.win32_1.0.0.202111181127/tools/bin/../lib/gcc/arm-none-eabi/10.3.1/../../../../arm-none-eabi/lib/thumb/v7e-m+fp/hard\libc_nano.a(lib_a-exit.o)
                              c:/st/stm32cubeide_1.9.0/stm32cubeide/plugins/com.st.stm32cube.ide.mcu.externaltools.gnu-tools-for-stm32.10.3-2021.10.win32_1.0.0.202111181127/tools/bin/../lib/gcc/arm-none-eabi/10.3.1/../../../../arm-none-eabi/lib/thumb/v7e-m+fp/hard/crt0.o (exit)
c:/st/stm32cubeide_1.9.0/stm32cubeide/plugins/com.st.stm32cube.ide.mcu.externaltools.gnu-tools-for-stm32.10.3-2021.10.win32_1.0.0.202111181127/tools/bin/../lib/gcc/arm-none-eabi/10.3.1/../../../../arm-none-eabi/lib/thumb/v7e-m+fp/hard\libc_nano.a(lib_a-impure.o)
                              c:/st/stm32cubeide_1.9.0/stm32cubeide/plugins/com.st.stm32cube.ide.mcu.externaltools.gnu-tools-for-stm32.10.3-2021.10.win32_1.0.0.202111181127/tools/bin/../lib/gcc/arm-none-eabi/10.3.1/../../../../arm-none-eabi/lib/thumb/v7e-m+fp/hard\libc_nano.a(lib_a-exit.o) (_global_impure_ptr)
c:/st/stm32cubeide_1.9.0/stm32cubeide/plugins/com.st.stm32cube.ide.mcu.externaltools.gnu-tools-for-stm32.10.3-2021.10.win32_1.0.0.202111181127/tools/bin/../lib/gcc/arm-none-eabi/10.3.1/../../../../arm-none-eabi/lib/thumb/v7e-m+fp/hard\libc_nano.a(lib_a-init.o)
                              c:/st/stm32cubeide_1.9.0/stm32cubeide/plugins/com.st.stm32cube.ide.mcu.externaltools.gnu-tools-for-stm32.10.3-2021.10.win32_1.0.0.202111181127/tools/bin/../lib/gcc/arm-none-eabi/10.3.1/../../../../arm-none-eabi/lib/thumb/v7e-m+fp/hard/crt0.o (__libc_init_array)
c:/st/stm32cubeide_1.9.0/stm32cubeide/plugins/com.st.stm32cube.ide.mcu.externaltools.gnu-tools-for-stm32.10.3-2021.10.win32_1.0.0.202111181127/tools/bin/../lib/gcc/arm-none-eabi/10.3.1/../../../../arm-none-eabi/lib/thumb/v7e-m+fp/hard\libc_nano.a(lib_a-memcpy-stub.o)
                              ./common/ThirdParty/FreeRTOS/queue.o (memcpy)
c:/st/stm32cubeide_1.9.0/stm32cubeide/plugins/com.st.stm32cube.ide.mcu.externaltools.gnu-tools-for-stm32.10.3-2021.10.win32_1.0.0.202111181127/tools/bin/../lib/gcc/arm-none-eabi/10.3.1/../../../../arm-none-eabi/lib/thumb/v7e-m+fp/hard\libc_nano.a(lib_a-memset.o)
                              c:/st/stm32cubeide_1.9.0/stm32cubeide/plugins/com.st.stm32cube.ide.mcu.externaltools.gnu-tools-for-stm32.10.3-2021.10.win32_1.0.0.202111181127/tools/bin/../lib/gcc/arm-none-eabi/10.3.1/../../../../arm-none-eabi/lib/thumb/v7e-m+fp/hard/crt0.o (memset)
c:/st/stm32cubeide_1.9.0/stm32cubeide/plugins/com.st.stm32cube.ide.mcu.externaltools.gnu-tools-for-stm32.10.3-2021.10.win32_1.0.0.202111181127/tools/bin/../lib/gcc/arm-none-eabi/10.3.1/../../../../arm-none-eabi/lib/thumb/v7e-m+fp/hard\libc_nano.a(lib_a-sprintf.o)
                              ./Core/Src/rtc.o (sprintf)
c:/st/stm32cubeide_1.9.0/stm32cubeide/plugins/com.st.stm32cube.ide.mcu.externaltools.gnu-tools-for-stm32.10.3-2021.10.win32_1.0.0.202111181127/tools/bin/../lib/gcc/arm-none-eabi/10.3.1/../../../../arm-none-eabi/lib/thumb/v7e-m+fp/hard\libc_nano.a(lib_a-strcmp.o)
                              ./Core/Src/task_handler.o (strcmp)
c:/st/stm32cubeide_1.9.0/stm32cubeide/plugins/com.st.stm32cube.ide.mcu.externaltools.gnu-tools-for-stm32.10.3-2021.10.win32_1.0.0.202111181127/tools/bin/../lib/gcc/arm-none-eabi/10.3.1/../../../../arm-none-eabi/lib/thumb/v7e-m+fp/hard\libc_nano.a(lib_a-strlen.o)
                              ./Core/Src/task_handler.o (strlen)
c:/st/stm32cubeide_1.9.0/stm32cubeide/plugins/com.st.stm32cube.ide.mcu.externaltools.gnu-tools-for-stm32.10.3-2021.10.win32_1.0.0.202111181127/tools/bin/../lib/gcc/arm-none-eabi/10.3.1/../../../../arm-none-eabi/lib/thumb/v7e-m+fp/hard\libc_nano.a(lib_a-nano-svfprintf.o)
                              c:/st/stm32cubeide_1.9.0/stm32cubeide/plugins/com.st.stm32cube.ide.mcu.externaltools.gnu-tools-for-stm32.10.3-2021.10.win32_1.0.0.202111181127/tools/bin/../lib/gcc/arm-none-eabi/10.3.1/../../../../arm-none-eabi/lib/thumb/v7e-m+fp/hard\libc_nano.a(lib_a-sprintf.o) (_svfprintf_r)
c:/st/stm32cubeide_1.9.0/stm32cubeide/plugins/com.st.stm32cube.ide.mcu.externaltools.gnu-tools-for-stm32.10.3-2021.10.win32_1.0.0.202111181127/tools/bin/../lib/gcc/arm-none-eabi/10.3.1/../../../../arm-none-eabi/lib/thumb/v7e-m+fp/hard\libc_nano.a(lib_a-nano-vfprintf_i.o)
[...]
Memory Configuration

Name             Origin             Length             Attributes
CCMRAM           0x0000000010000000 0x0000000000010000 xrw
RAM              0x0000000020000000 0x0000000000020000 xrw
FLASH            0x0000000008000000 0x0000000000100000 xr
*default*        0x0000000000000000 0xffffffffffffffff

Linker script and memory map

LOAD c:/st/stm32cubeide_1.9.0/stm32cubeide/plugins/com.st.stm32cube.ide.mcu.externaltools.gnu-tools-for-stm32.10.3-2021.10.win32_1.0.0.202111181127/tools/bin/../lib/gcc/arm-none-eabi/10.3.1/thumb/v7e-m+fp/hard/crti.o
LOAD c:/st/stm32cubeide_1.9.0/stm32cubeide/plugins/com.st.stm32cube.ide.mcu.externaltools.gnu-tools-for-stm32.10.3-2021.10.win32_1.0.0.202111181127/tools/bin/../lib/gcc/arm-none-eabi/10.3.1/thumb/v7e-m+fp/hard/crtbegin.o
LOAD c:/st/stm32cubeide_1.9.0/stm32cubeide/plugins/com.st.stm32cube.ide.mcu.externaltools.gnu-tools-for-stm32.10.3-2021.10.win32_1.0.0.202111181127/tools/bin/../lib/gcc/arm-none-eabi/10.3.1/../../../../arm-none-eabi/lib/thumb/v7e-m+fp/hard/crt0.o
LOAD ./Core/Src/led_effect.o
LOAD ./Core/Src/main.o
LOAD ./Core/Src/rtc.o
LOAD ./Core/Src/stm32f4xx_hal_msp.o
LOAD ./Core/Src/stm32f4xx_hal_timebase_tim.o
LOAD ./Core/Src/stm32f4xx_it.o
LOAD ./Core/Src/syscalls.o
LOAD ./Core/Src/sysmem.o
LOAD ./Core/Src/system_stm32f4xx.o
LOAD ./Core/Src/task_handler.o
LOAD ./Core/Startup/startup_stm32f407vgtx.o
LOAD ./Drivers/STM32F4xx_HAL_Driver/Src/stm32f4xx_hal.o
LOAD ./Drivers/STM32F4xx_HAL_Driver/Src/stm32f4xx_hal_cortex.o
LOAD ./Drivers/STM32F4xx_HAL_Driver/Src/stm32f4xx_hal_dma.o
LOAD ./Drivers/STM32F4xx_HAL_Driver/Src/stm32f4xx_hal_dma_ex.o
LOAD ./Drivers/STM32F4xx_HAL_Driver/Src/stm32f4xx_hal_exti.o
LOAD ./Drivers/STM32F4xx_HAL_Driver/Src/stm32f4xx_hal_flash.o
LOAD ./Drivers/STM32F4xx_HAL_Driver/Src/stm32f4xx_hal_flash_ex.o
LOAD ./Drivers/STM32F4xx_HAL_Driver/Src/stm32f4xx_hal_flash_ramfunc.o
LOAD ./Drivers/STM32F4xx_HAL_Driver/Src/stm32f4xx_hal_gpio.o
LOAD ./Drivers/STM32F4xx_HAL_Driver/Src/stm32f4xx_hal_pwr.o
LOAD ./Drivers/STM32F4xx_HAL_Driver/Src/stm32f4xx_hal_pwr_ex.o
LOAD ./Drivers/STM32F4xx_HAL_Driver/Src/stm32f4xx_hal_rcc.o
LOAD ./Drivers/STM32F4xx_HAL_Driver/Src/stm32f4xx_hal_rcc_ex.o
LOAD ./Drivers/STM32F4xx_HAL_Driver/Src/stm32f4xx_hal_rtc.o
LOAD ./Drivers/STM32F4xx_HAL_Driver/Src/stm32f4xx_hal_rtc_ex.o
LOAD ./Drivers/STM32F4xx_HAL_Driver/Src/stm32f4xx_hal_tim.o
LOAD ./Drivers/STM32F4xx_HAL_Driver/Src/stm32f4xx_hal_tim_ex.o
LOAD ./Drivers/STM32F4xx_HAL_Driver/Src/stm32f4xx_hal_uart.o
LOAD ./common/ThirdParty/FreeRTOS/croutine.o
LOAD ./common/ThirdParty/FreeRTOS/event_groups.o
LOAD ./common/ThirdParty/FreeRTOS/list.o
LOAD ./common/ThirdParty/FreeRTOS/queue.o
LOAD ./common/ThirdParty/FreeRTOS/stream_buffer.o
LOAD ./common/ThirdParty/FreeRTOS/tasks.o
LOAD ./common/ThirdParty/FreeRTOS/timers.o
LOAD ./common/ThirdParty/FreeRTOS/portable/GCC/ARM_CM4F/port.o
LOAD ./common/ThirdParty/FreeRTOS/portable/MemMang/heap_4.o
START GROUP
LOAD c:/st/stm32cubeide_1.9.0/stm32cubeide/plugins/com.st.stm32cube.ide.mcu.externaltools.gnu-tools-for-stm32.10.3-2021.10.win32_1.0.0.202111181127/tools/bin/../lib/gcc/arm-none-eabi/10.3.1/../../../../arm-none-eabi/lib/thumb/v7e-m+fp/hard\libc_nano.a
LOAD c:/st/stm32cubeide_1.9.0/stm32cubeide/plugins/com.st.stm32cube.ide.mcu.externaltools.gnu-tools-for-stm32.10.3-2021.10.win32_1.0.0.202111181127/tools/bin/../lib/gcc/arm-none-eabi/10.3.1/../../../../arm-none-eabi/lib/thumb/v7e-m+fp/hard\libm.a
END GROUP
START GROUP
LOAD c:/st/stm32cubeide_1.9.0/stm32cubeide/plugins/com.st.stm32cube.ide.mcu.externaltools.gnu-tools-for-stm32.10.3-2021.10.win32_1.0.0.202111181127/tools/bin/../lib/gcc/arm-none-eabi/10.3.1/thumb/v7e-m+fp/hard\libgcc.a
LOAD c:/st/stm32cubeide_1.9.0/stm32cubeide/plugins/com.st.stm32cube.ide.mcu.externaltools.gnu-tools-for-stm32.10.3-2021.10.win32_1.0.0.202111181127/tools/bin/../lib/gcc/arm-none-eabi/10.3.1/../../../../arm-none-eabi/lib/thumb/v7e-m+fp/hard\libc_nano.a
END GROUP
START GROUP
LOAD c:/st/stm32cubeide_1.9.0/stm32cubeide/plugins/com.st.stm32cube.ide.mcu.externaltools.gnu-tools-for-stm32.10.3-2021.10.win32_1.0.0.202111181127/tools/bin/../lib/gcc/arm-none-eabi/10.3.1/thumb/v7e-m+fp/hard\libgcc.a
LOAD c:/st/stm32cubeide_1.9.0/stm32cubeide/plugins/com.st.stm32cube.ide.mcu.externaltools.gnu-tools-for-stm32.10.3-2021.10.win32_1.0.0.202111181127/tools/bin/../lib/gcc/arm-none-eabi/10.3.1/../../../../arm-none-eabi/lib/thumb/v7e-m+fp/hard\libc_nano.a
LOAD c:/st/stm32cubeide_1.9.0/stm32cubeide/plugins/com.st.stm32cube.ide.mcu.externaltools.gnu-tools-for-stm32.10.3-2021.10.win32_1.0.0.202111181127/tools/bin/../lib/gcc/arm-none-eabi/10.3.1/../../../../arm-none-eabi/lib/thumb/v7e-m+fp/hard\libnosys.a
END GROUP
START GROUP
LOAD c:/st/stm32cubeide_1.9.0/stm32cubeide/plugins/com.st.stm32cube.ide.mcu.externaltools.gnu-tools-for-stm32.10.3-2021.10.win32_1.0.0.202111181127/tools/bin/../lib/gcc/arm-none-eabi/10.3.1/thumb/v7e-m+fp/hard\libgcc.a
LOAD c:/st/stm32cubeide_1.9.0/stm32cubeide/plugins/com.st.stm32cube.ide.mcu.externaltools.gnu-tools-for-stm32.10.3-2021.10.win32_1.0.0.202111181127/tools/bin/../lib/gcc/arm-none-eabi/10.3.1/../../../../arm-none-eabi/lib/thumb/v7e-m+fp/hard\libc_nano.a
LOAD c:/st/stm32cubeide_1.9.0/stm32cubeide/plugins/com.st.stm32cube.ide.mcu.externaltools.gnu-tools-for-stm32.10.3-2021.10.win32_1.0.0.202111181127/tools/bin/../lib/gcc/arm-none-eabi/10.3.1/../../../../arm-none-eabi/lib/thumb/v7e-m+fp/hard\libnosys.a
END GROUP
LOAD c:/st/stm32cubeide_1.9.0/stm32cubeide/plugins/com.st.stm32cube.ide.mcu.externaltools.gnu-tools-for-stm32.10.3-2021.10.win32_1.0.0.202111181127/tools/bin/../lib/gcc/arm-none-eabi/10.3.1/thumb/v7e-m+fp/hard/crtend.o
LOAD c:/st/stm32cubeide_1.9.0/stm32cubeide/plugins/com.st.stm32cube.ide.mcu.externaltools.gnu-tools-for-stm32.10.3-2021.10.win32_1.0.0.202111181127/tools/bin/../lib/gcc/arm-none-eabi/10.3.1/thumb/v7e-m+fp/hard/crtn.o
                0x0000000020020000                _estack = (ORIGIN (RAM) + LENGTH (RAM))
                0x0000000000000200                _Min_Heap_Size = 0x200
                0x0000000000000400                _Min_Stack_Size = 0x400

.isr_vector     0x0000000008000000      0x188
                0x0000000008000000                . = ALIGN (0x4)
 *(.isr_vector)
 .isr_vector    0x0000000008000000      0x188 ./Core/Startup/startup_stm32f407vgtx.o
                0x0000000008000000                g_pfnVectors
                0x0000000008000188                . = ALIGN (0x4)

.text           0x0000000008000190     0x8080
                0x0000000008000190                . = ALIGN (0x4)
 *(.text)
 .text          0x0000000008000190       0x40 c:/st/stm32cubeide_1.9.0/stm32cubeide/plugins/com.st.stm32cube.ide.mcu.externaltools.gnu-tools-for-stm32.10.3-2021.10.win32_1.0.0.202111181127/tools/bin/../lib/gcc/arm-none-eabi/10.3.1/thumb/v7e-m+fp/hard/crtbegin.o
 .text          0x00000000080001d0       0x14 c:/st/stm32cubeide_1.9.0/stm32cubeide/plugins/com.st.stm32cube.ide.mcu.externaltools.gnu-tools-for-stm32.10.3-2021.10.win32_1.0.0.202111181127/tools/bin/../lib/gcc/arm-none-eabi/10.3.1/../../../../arm-none-eabi/lib/thumb/v7e-m+fp/hard\libc_nano.a(lib_a-strcmp.o)
                0x00000000080001d0                strcmp
 .text          0x00000000080001e4       0x10 c:/st/stm32cubeide_1.9.0/stm32cubeide/plugins/com.st.stm32cube.ide.mcu.externaltools.gnu-tools-for-stm32.10.3-2021.10.win32_1.0.0.202111181127/tools/bin/../lib/gcc/arm-none-eabi/10.3.1/../../../../arm-none-eabi/lib/thumb/v7e-m+fp/hard\libc_nano.a(lib_a-strlen.o)
                0x00000000080001e4                strlen
 *fill*         0x00000000080001f4        0xc 
 .text          0x0000000008000200       0xa0 c:/st/stm32cubeide_1.9.0/stm32cubeide/plugins/com.st.stm32cube.ide.mcu.externaltools.gnu-tools-for-stm32.10.3-2021.10.win32_1.0.0.202111181127/tools/bin/../lib/gcc/arm-none-eabi/10.3.1/../../../../arm-none-eabi/lib/thumb/v7e-m+fp/hard\libc_nano.a(lib_a-memchr.o)
                0x0000000008000200                memchr
 .text          0x00000000080002a0       0x30 c:/st/stm32cubeide_1.9.0/stm32cubeide/plugins/com.st.stm32cube.ide.mcu.externaltools.gnu-tools-for-stm32.10.3-2021.10.win32_1.0.0.202111181127/tools/bin/../lib/gcc/arm-none-eabi/10.3.1/thumb/v7e-m+fp/hard\libgcc.a(_aeabi_uldivmod.o)
                0x00000000080002a0                __aeabi_uldivmod
 .text          0x00000000080002d0      0x2d0 c:/st/stm32cubeide_1.9.0/stm32cubeide/plugins/com.st.stm32cube.ide.mcu.externaltools.gnu-tools-for-stm32.10.3-2021.10.win32_1.0.0.202111181127/tools/bin/../lib/gcc/arm-none-eabi/10.3.1/thumb/v7e-m+fp/hard\libgcc.a(_udivmoddi4.o)
                0x00000000080002d0                __udivmoddi4
 .text          0x00000000080005a0        0x4 c:/st/stm32cubeide_1.9.0/stm32cubeide/plugins/com.st.stm32cube.ide.mcu.externaltools.gnu-tools-for-stm32.10.3-2021.10.win32_1.0.0.202111181127/tools/bin/../lib/gcc/arm-none-eabi/10.3.1/thumb/v7e-m+fp/hard\libgcc.a(_dvmd_tls.o)
                0x00000000080005a0                __aeabi_idiv0
                0x00000000080005a0                __aeabi_ldiv0
 *(.text*)
 .text.led_effect_stop
                0x00000000080005a4       0x40 ./Core/Src/led_effect.o
                0x00000000080005a4                led_effect_stop
 .text.led_effect
                0x00000000080005e4       0x38 ./Core/Src/led_effect.o
                0x00000000080005e4                led_effect
 .text.turn_off_all_leds
                0x000000000800061c       0x3c ./Core/Src/led_effect.o
                0x000000000800061c                turn_off_all_leds
 .text.turn_on_all_leds
                0x0000000008000658       0x3c ./Core/Src/led_effect.o
                0x0000000008000658                turn_on_all_leds
 .text.turn_on_odd_leds
                0x0000000008000694       0x3c ./Core/Src/led_effect.o
                0x0000000008000694                turn_on_odd_leds
 .text.turn_on_even_leds
                0x00000000080006d0       0x3c ./Core/Src/led_effect.o
                0x00000000080006d0                turn_on_even_leds
 .text.LED_control
                0x000000000800070c       0x4c ./Core/Src/led_effect.o
                0x000000000800070c                LED_control
 .text.LED_effect1
                0x0000000008000758       0x2c ./Core/Src/led_effect.o
                0x0000000008000758                LED_effect1
 .text.LED_effect2
                0x0000000008000784       0x2c ./Core/Src/led_effect.o
                0x0000000008000784                LED_effect2
 .text.LED_effect3
                0x00000000080007b0       0x30 ./Core/Src/led_effect.o
                0x00000000080007b0                LED_effect3
 .text.LED_effect4
                0x00000000080007e0       0x30 ./Core/Src/led_effect.o
                0x00000000080007e0                LED_effect4
 .text.main     0x0000000008000810      0x20c ./Core/Src/main.o
                0x0000000008000810                main
 .text.SystemClock_Config
                0x0000000008000a1c       0xd8 ./Core/Src/main.o
                0x0000000008000a1c                SystemClock_Config
 .text.MX_RTC_Init
                0x0000000008000af4       0x4c ./Core/Src/main.o
 .text.MX_USART2_UART_Init
                0x0000000008000b40       0x54 ./Core/Src/main.o
 .text.MX_GPIO_Init
                0x0000000008000b94      0x280 ./Core/Src/main.o
 .text.HAL_UART_RxCpltCallback
                0x0000000008000e14       0x94 ./Core/Src/main.o
                0x0000000008000e14                HAL_UART_RxCpltCallback
 .text.led_effect_callback
                0x0000000008000ea8       0x50 ./Core/Src/main.o
                0x0000000008000ea8                led_effect_callback
 .text.HAL_TIM_PeriodElapsedCallback
                0x0000000008000ef8       0x24 ./Core/Src/main.o
                0x0000000008000ef8                HAL_TIM_PeriodElapsedCallback
 .text.Error_Handler
                0x0000000008000f1c        0xa ./Core/Src/main.o
                0x0000000008000f1c                Error_Handler
 *fill*         0x0000000008000f26        0x2 
 .text.show_time_date
                0x0000000008000f28       0xd8 ./Core/Src/rtc.o
                0x0000000008000f28                show_time_date
 .text.rtc_configure_time
                0x0000000008001000       0x24 ./Core/Src/rtc.o
                0x0000000008001000                rtc_configure_time
 .text.rtc_configure_date
                0x0000000008001024       0x20 ./Core/Src/rtc.o
                0x0000000008001024                rtc_configure_date
 .text.validate_rtc_information
                0x0000000008001044       0x64 ./Core/Src/rtc.o
                0x0000000008001044                validate_rtc_information
 .text.HAL_MspInit
                0x00000000080010a8       0x50 ./Core/Src/stm32f4xx_hal_msp.o
                0x00000000080010a8                HAL_MspInit
 .text.HAL_RTC_MspInit
                0x00000000080010f8       0x54 ./Core/Src/stm32f4xx_hal_msp.o
                0x00000000080010f8                HAL_RTC_MspInit
 .text.HAL_UART_MspInit
                0x000000000800114c       0xa0 ./Core/Src/stm32f4xx_hal_msp.o
                0x000000000800114c                HAL_UART_MspInit
 .text.HAL_InitTick
                0x00000000080011ec       0xb4 ./Core/Src/stm32f4xx_hal_timebase_tim.o
                0x00000000080011ec                HAL_InitTick
 .text.NMI_Handler
                0x00000000080012a0        0x6 ./Core/Src/stm32f4xx_it.o
                0x00000000080012a0                NMI_Handler
 .text.HardFault_Handler
                0x00000000080012a6        0x6 ./Core/Src/stm32f4xx_it.o
                0x00000000080012a6                HardFault_Handler
 .text.MemManage_Handler
                0x00000000080012ac        0x6 ./Core/Src/stm32f4xx_it.o
                0x00000000080012ac                MemManage_Handler
 .text.BusFault_Handler
                0x00000000080012b2        0x6 ./Core/Src/stm32f4xx_it.o
                0x00000000080012b2                BusFault_Handler
 .text.UsageFault_Handler
                0x00000000080012b8        0x6 ./Core/Src/stm32f4xx_it.o
                0x00000000080012b8                UsageFault_Handler
 .text.DebugMon_Handler
                0x00000000080012be        0xe ./Core/Src/stm32f4xx_it.o
                0x00000000080012be                DebugMon_Handler
 .text.USART2_IRQHandler
                0x00000000080012cc       0x14 ./Core/Src/stm32f4xx_it.o
                0x00000000080012cc                USART2_IRQHandler
 .text.TIM6_DAC_IRQHandler
                0x00000000080012e0       0x14 ./Core/Src/stm32f4xx_it.o
                0x00000000080012e0                TIM6_DAC_IRQHandler
 .text._sbrk    0x00000000080012f4       0x6c ./Core/Src/sysmem.o
                0x00000000080012f4                _sbrk
 .text.SystemInit
                0x0000000008001360       0x24 ./Core/Src/system_stm32f4xx.o
                0x0000000008001360                SystemInit
 .text.menu_task
                0x0000000008001384       0xe8 ./Core/Src/task_handler.o
                0x0000000008001384                menu_task
 .text.getnumber
                0x000000000800146c       0x48 ./Core/Src/task_handler.o
                0x000000000800146c                getnumber
 .text.led_task
                0x00000000080014b4      0x12c ./Core/Src/task_handler.o
                0x00000000080014b4                led_task
 .text.rtc_task
                0x00000000080015e0      0x46c ./Core/Src/task_handler.o
                0x00000000080015e0                rtc_task
 .text.print_task
                0x0000000008001a4c       0x40 ./Core/Src/task_handler.o
                0x0000000008001a4c                print_task
 .text.cmd_handler_task
                0x0000000008001a8c       0x2e ./Core/Src/task_handler.o
                0x0000000008001a8c                cmd_handler_task
 *fill*         0x0000000008001aba        0x2 
 .text.process_command
                0x0000000008001abc       0x78 ./Core/Src/task_handler.o
                0x0000000008001abc                process_command
 .text.extract_command
                0x0000000008001b34       0x74 ./Core/Src/task_handler.o
                0x0000000008001b34                extract_command
 .text.Reset_Handler
                0x0000000008001ba8       0x50 ./Core/Startup/startup_stm32f407vgtx.o
                0x0000000008001ba8                Reset_Handler
 .text.Default_Handler
                0x0000000008001bf8        0x2 ./Core/Startup/startup_stm32f407vgtx.o
                0x0000000008001bf8                RTC_Alarm_IRQHandler
                0x0000000008001bf8                HASH_RNG_IRQHandler
                0x0000000008001bf8                EXTI2_IRQHandler
                0x0000000008001bf8                TIM8_CC_IRQHandler
                0x0000000008001bf8                TIM1_CC_IRQHandler
                0x0000000008001bf8                DMA2_Stream5_IRQHandler
                0x0000000008001bf8                DMA1_Stream5_IRQHandler
                0x0000000008001bf8                PVD_IRQHandler
                0x0000000008001bf8                SDIO_IRQHandler
                0x0000000008001bf8                TAMP_STAMP_IRQHandler
                0x0000000008001bf8                CAN2_RX1_IRQHandler
                0x0000000008001bf8                EXTI3_IRQHandler
                0x0000000008001bf8                TIM8_TRG_COM_TIM14_IRQHandler
                0x0000000008001bf8                TIM1_UP_TIM10_IRQHandler
                0x0000000008001bf8                TIM8_UP_TIM13_IRQHandler
                0x0000000008001bf8                I2C3_ER_IRQHandler
                0x0000000008001bf8                EXTI0_IRQHandler
                0x0000000008001bf8                I2C2_EV_IRQHandler
                0x0000000008001bf8                DMA1_Stream2_IRQHandler
                0x0000000008001bf8                CAN1_RX0_IRQHandler
                0x0000000008001bf8                FPU_IRQHandler
                0x0000000008001bf8                OTG_HS_WKUP_IRQHandler
                0x0000000008001bf8                CAN2_SCE_IRQHandler
                0x0000000008001bf8                DMA2_Stream2_IRQHandler
                0x0000000008001bf8                SPI1_IRQHandler
                0x0000000008001bf8                TIM1_BRK_TIM9_IRQHandler
                0x0000000008001bf8                DCMI_IRQHandler
                0x0000000008001bf8                CAN2_RX0_IRQHandler
                0x0000000008001bf8                DMA2_Stream3_IRQHandler
                0x0000000008001bf8                USART6_IRQHandler
                0x0000000008001bf8                USART3_IRQHandler
                0x0000000008001bf8                CAN1_RX1_IRQHandler
                0x0000000008001bf8                UART5_IRQHandler
                0x0000000008001bf8                DMA2_Stream0_IRQHandler
                0x0000000008001bf8                TIM4_IRQHandler
                0x0000000008001bf8                I2C1_EV_IRQHandler
                0x0000000008001bf8                DMA1_Stream6_IRQHandler
                0x0000000008001bf8                DMA1_Stream1_IRQHandler
                0x0000000008001bf8                UART4_IRQHandler
                0x0000000008001bf8                TIM3_IRQHandler
                0x0000000008001bf8                RCC_IRQHandler
                0x0000000008001bf8                TIM8_BRK_TIM12_IRQHandler
                0x0000000008001bf8                Default_Handler
                0x0000000008001bf8                EXTI15_10_IRQHandler
                0x0000000008001bf8                ADC_IRQHandler
                0x0000000008001bf8                DMA1_Stream7_IRQHandler
                0x0000000008001bf8                TIM7_IRQHandler
                0x0000000008001bf8                CAN2_TX_IRQHandler
                0x0000000008001bf8                TIM5_IRQHandler
                0x0000000008001bf8                DMA2_Stream7_IRQHandler
                0x0000000008001bf8                I2C3_EV_IRQHandler
                0x0000000008001bf8                EXTI9_5_IRQHandler
                0x0000000008001bf8                RTC_WKUP_IRQHandler
                0x0000000008001bf8                ETH_WKUP_IRQHandler
                0x0000000008001bf8                SPI2_IRQHandler
                0x0000000008001bf8                OTG_HS_EP1_IN_IRQHandler
                0x0000000008001bf8                DMA1_Stream0_IRQHandler
                0x0000000008001bf8                CAN1_TX_IRQHandler
                0x0000000008001bf8                EXTI4_IRQHandler
                0x0000000008001bf8                FSMC_IRQHandler
                0x0000000008001bf8                ETH_IRQHandler
                0x0000000008001bf8                OTG_HS_EP1_OUT_IRQHandler
                0x0000000008001bf8                WWDG_IRQHandler
                0x0000000008001bf8                TIM2_IRQHandler
                0x0000000008001bf8                OTG_FS_WKUP_IRQHandler
                0x0000000008001bf8                TIM1_TRG_COM_TIM11_IRQHandler
                0x0000000008001bf8                OTG_HS_IRQHandler
                0x0000000008001bf8                EXTI1_IRQHandler
                0x0000000008001bf8                I2C2_ER_IRQHandler
                0x0000000008001bf8                DMA2_Stream1_IRQHandler
                0x0000000008001bf8                CAN1_SCE_IRQHandler
                0x0000000008001bf8                FLASH_IRQHandler
                0x0000000008001bf8                DMA2_Stream4_IRQHandler
                0x0000000008001bf8                USART1_IRQHandler
                0x0000000008001bf8                OTG_FS_IRQHandler
                0x0000000008001bf8                SPI3_IRQHandler
                0x0000000008001bf8                DMA1_Stream4_IRQHandler
                0x0000000008001bf8                I2C1_ER_IRQHandler
                0x0000000008001bf8                DMA2_Stream6_IRQHandler
                0x0000000008001bf8                DMA1_Stream3_IRQHandler
 *fill*         0x0000000008001bfa        0x2 
 .text.HAL_Init
                0x0000000008001bfc       0x44 ./Drivers/STM32F4xx_HAL_Driver/Src/stm32f4xx_hal.o
                0x0000000008001bfc                HAL_Init
 .text.HAL_IncTick
                0x0000000008001c40       0x28 ./Drivers/STM32F4xx_HAL_Driver/Src/stm32f4xx_hal.o
                0x0000000008001c40                HAL_IncTick
 .text.HAL_GetTick
                0x0000000008001c68       0x18 ./Drivers/STM32F4xx_HAL_Driver/Src/stm32f4xx_hal.o
                0x0000000008001c68                HAL_GetTick
 .text.__NVIC_SetPriorityGrouping
                0x0000000008001c80       0x48 ./Drivers/STM32F4xx_HAL_Driver/Src/stm32f4xx_hal_cortex.o
 .text.__NVIC_GetPriorityGrouping
                0x0000000008001cc8       0x1c ./Drivers/STM32F4xx_HAL_Driver/Src/stm32f4xx_hal_cortex.o
 .text.__NVIC_EnableIRQ
                0x0000000008001ce4       0x3c ./Drivers/STM32F4xx_HAL_Driver/Src/stm32f4xx_hal_cortex.o
 .text.__NVIC_SetPriority
                0x0000000008001d20       0x54 ./Drivers/STM32F4xx_HAL_Driver/Src/stm32f4xx_hal_cortex.o
 .text.NVIC_EncodePriority
                0x0000000008001d74       0x66 ./Drivers/STM32F4xx_HAL_Driver/Src/stm32f4xx_hal_cortex.o
 .text.HAL_NVIC_SetPriorityGrouping
                0x0000000008001dda       0x16 ./Drivers/STM32F4xx_HAL_Driver/Src/stm32f4xx_hal_cortex.o
                0x0000000008001dda                HAL_NVIC_SetPriorityGrouping
 .text.HAL_NVIC_SetPriority
                0x0000000008001df0       0x38 ./Drivers/STM32F4xx_HAL_Driver/Src/stm32f4xx_hal_cortex.o
                0x0000000008001df0                HAL_NVIC_SetPriority
 .text.HAL_NVIC_EnableIRQ
                0x0000000008001e28       0x1c ./Drivers/STM32F4xx_HAL_Driver/Src/stm32f4xx_hal_cortex.o
                0x0000000008001e28                HAL_NVIC_EnableIRQ
 .text.HAL_DMA_Abort
                0x0000000008001e44       0xe0 ./Drivers/STM32F4xx_HAL_Driver/Src/stm32f4xx_hal_dma.o
                0x0000000008001e44                HAL_DMA_Abort
 .text.HAL_DMA_Abort_IT
                0x0000000008001f24       0x44 ./Drivers/STM32F4xx_HAL_Driver/Src/stm32f4xx_hal_dma.o
                0x0000000008001f24                HAL_DMA_Abort_IT
 .text.HAL_GPIO_Init
                0x0000000008001f68      0x338 ./Drivers/STM32F4xx_HAL_Driver/Src/stm32f4xx_hal_gpio.o
                0x0000000008001f68                HAL_GPIO_Init
 .text.HAL_GPIO_WritePin
                0x00000000080022a0       0x32 ./Drivers/STM32F4xx_HAL_Driver/Src/stm32f4xx_hal_gpio.o
                0x00000000080022a0                HAL_GPIO_WritePin
 *fill*         0x00000000080022d2        0x2 
 .text.HAL_RCC_OscConfig
                0x00000000080022d4      0x4f0 ./Drivers/STM32F4xx_HAL_Driver/Src/stm32f4xx_hal_rcc.o
                0x00000000080022d4                HAL_RCC_OscConfig
 .text.HAL_RCC_ClockConfig
                0x00000000080027c4      0x1cc ./Drivers/STM32F4xx_HAL_Driver/Src/stm32f4xx_hal_rcc.o
                0x00000000080027c4                HAL_RCC_ClockConfig
 .text.HAL_RCC_GetSysClockFreq
                0x0000000008002990      0x20c ./Drivers/STM32F4xx_HAL_Driver/Src/stm32f4xx_hal_rcc.o
                0x0000000008002990                HAL_RCC_GetSysClockFreq
 .text.HAL_RCC_GetHCLKFreq
                0x0000000008002b9c       0x18 ./Drivers/STM32F4xx_HAL_Driver/Src/stm32f4xx_hal_rcc.o
                0x0000000008002b9c                HAL_RCC_GetHCLKFreq
 .text.HAL_RCC_GetPCLK1Freq
                0x0000000008002bb4       0x28 ./Drivers/STM32F4xx_HAL_Driver/Src/stm32f4xx_hal_rcc.o
                0x0000000008002bb4                HAL_RCC_GetPCLK1Freq
 .text.HAL_RCC_GetPCLK2Freq
                0x0000000008002bdc       0x28 ./Drivers/STM32F4xx_HAL_Driver/Src/stm32f4xx_hal_rcc.o
                0x0000000008002bdc                HAL_RCC_GetPCLK2Freq
 .text.HAL_RCC_GetClockConfig
                0x0000000008002c04       0x64 ./Drivers/STM32F4xx_HAL_Driver/Src/stm32f4xx_hal_rcc.o
                0x0000000008002c04                HAL_RCC_GetClockConfig
 .text.HAL_RCCEx_PeriphCLKConfig
                0x0000000008002c68      0x1c4 ./Drivers/STM32F4xx_HAL_Driver/Src/stm32f4xx_hal_rcc_ex.o
                0x0000000008002c68                HAL_RCCEx_PeriphCLKConfig
 .text.HAL_RTC_Init
                0x0000000008002e2c       0xec ./Drivers/STM32F4xx_HAL_Driver/Src/stm32f4xx_hal_rtc.o
                0x0000000008002e2c                HAL_RTC_Init
 .text.HAL_RTC_SetTime
                0x0000000008002f18      0x134 ./Drivers/STM32F4xx_HAL_Driver/Src/stm32f4xx_hal_rtc.o
                0x0000000008002f18                HAL_RTC_SetTime
 .text.HAL_RTC_GetTime
                0x000000000800304c       0xbc ./Drivers/STM32F4xx_HAL_Driver/Src/stm32f4xx_hal_rtc.o
                0x000000000800304c                HAL_RTC_GetTime
 .text.HAL_RTC_SetDate
                0x0000000008003108      0x108 ./Drivers/STM32F4xx_HAL_Driver/Src/stm32f4xx_hal_rtc.o
                0x0000000008003108                HAL_RTC_SetDate
 .text.HAL_RTC_GetDate
                0x0000000008003210       0x9e ./Drivers/STM32F4xx_HAL_Driver/Src/stm32f4xx_hal_rtc.o
                0x0000000008003210                HAL_RTC_GetDate
 .text.HAL_RTC_WaitForSynchro
                0x00000000080032ae       0x50 ./Drivers/STM32F4xx_HAL_Driver/Src/stm32f4xx_hal_rtc.o
                0x00000000080032ae                HAL_RTC_WaitForSynchro
 .text.RTC_EnterInitMode
                0x00000000080032fe       0x6e ./Drivers/STM32F4xx_HAL_Driver/Src/stm32f4xx_hal_rtc.o
                0x00000000080032fe                RTC_EnterInitMode
 .text.RTC_ExitInitMode
                0x000000000800336c       0x4a ./Drivers/STM32F4xx_HAL_Driver/Src/stm32f4xx_hal_rtc.o
                0x000000000800336c                RTC_ExitInitMode
 .text.RTC_ByteToBcd2
                0x00000000080033b6       0x3a ./Drivers/STM32F4xx_HAL_Driver/Src/stm32f4xx_hal_rtc.o
                0x00000000080033b6                RTC_ByteToBcd2
 .text.RTC_Bcd2ToByte
                0x00000000080033f0       0x38 ./Drivers/STM32F4xx_HAL_Driver/Src/stm32f4xx_hal_rtc.o
                0x00000000080033f0                RTC_Bcd2ToByte
 .text.HAL_TIM_Base_Init
                0x0000000008003428       0x9e ./Drivers/STM32F4xx_HAL_Driver/Src/stm32f4xx_hal_tim.o
                0x0000000008003428                HAL_TIM_Base_Init
 .text.HAL_TIM_Base_MspInit
                0x00000000080034c6       0x14 ./Drivers/STM32F4xx_HAL_Driver/Src/stm32f4xx_hal_tim.o
                0x00000000080034c6                HAL_TIM_Base_MspInit
 *fill*         0x00000000080034da        0x2 
 .text.HAL_TIM_Base_Start_IT
                0x00000000080034dc       0xe0 ./Drivers/STM32F4xx_HAL_Driver/Src/stm32f4xx_hal_tim.o
                0x00000000080034dc                HAL_TIM_Base_Start_IT
 .text.HAL_TIM_IRQHandler
                0x00000000080035bc      0x210 ./Drivers/STM32F4xx_HAL_Driver/Src/stm32f4xx_hal_tim.o
                0x00000000080035bc                HAL_TIM_IRQHandler
 .text.HAL_TIM_OC_DelayElapsedCallback
                0x00000000080037cc       0x14 ./Drivers/STM32F4xx_HAL_Driver/Src/stm32f4xx_hal_tim.o
                0x00000000080037cc                HAL_TIM_OC_DelayElapsedCallback
 .text.HAL_TIM_IC_CaptureCallback
                0x00000000080037e0       0x14 ./Drivers/STM32F4xx_HAL_Driver/Src/stm32f4xx_hal_tim.o
                0x00000000080037e0                HAL_TIM_IC_CaptureCallback
 .text.HAL_TIM_PWM_PulseFinishedCallback
                0x00000000080037f4       0x14 ./Drivers/STM32F4xx_HAL_Driver/Src/stm32f4xx_hal_tim.o
                0x00000000080037f4                HAL_TIM_PWM_PulseFinishedCallback
 .text.HAL_TIM_TriggerCallback
                0x0000000008003808       0x14 ./Drivers/STM32F4xx_HAL_Driver/Src/stm32f4xx_hal_tim.o
                0x0000000008003808                HAL_TIM_TriggerCallback
 .text.TIM_Base_SetConfig
                0x000000000800381c      0x140 ./Drivers/STM32F4xx_HAL_Driver/Src/stm32f4xx_hal_tim.o
                0x000000000800381c                TIM_Base_SetConfig
 .text.HAL_TIMEx_CommutCallback
                0x000000000800395c       0x14 ./Drivers/STM32F4xx_HAL_Driver/Src/stm32f4xx_hal_tim_ex.o
                0x000000000800395c                HAL_TIMEx_CommutCallback
 .text.HAL_TIMEx_BreakCallback
                0x0000000008003970       0x14 ./Drivers/STM32F4xx_HAL_Driver/Src/stm32f4xx_hal_tim_ex.o
                0x0000000008003970                HAL_TIMEx_BreakCallback
 .text.HAL_UART_Init
                0x0000000008003984       0x9a ./Drivers/STM32F4xx_HAL_Driver/Src/stm32f4xx_hal_uart.o
                0x0000000008003984                HAL_UART_Init
 .text.HAL_UART_Transmit
                0x0000000008003a1e      0x124 ./Drivers/STM32F4xx_HAL_Driver/Src/stm32f4xx_hal_uart.o
                0x0000000008003a1e                HAL_UART_Transmit
 .text.HAL_UART_Receive_IT
                0x0000000008003b42       0x60 ./Drivers/STM32F4xx_HAL_Driver/Src/stm32f4xx_hal_uart.o
                0x0000000008003b42                HAL_UART_Receive_IT
 *fill*         0x0000000008003ba2        0x2 
 .text.HAL_UART_IRQHandler
                0x0000000008003ba4      0x51c ./Drivers/STM32F4xx_HAL_Driver/Src/stm32f4xx_hal_uart.o
                0x0000000008003ba4                HAL_UART_IRQHandler
 .text.HAL_UART_TxCpltCallback
                0x00000000080040c0       0x14 ./Drivers/STM32F4xx_HAL_Driver/Src/stm32f4xx_hal_uart.o
                0x00000000080040c0                HAL_UART_TxCpltCallback
 .text.HAL_UART_ErrorCallback
                0x00000000080040d4       0x14 ./Drivers/STM32F4xx_HAL_Driver/Src/stm32f4xx_hal_uart.o
                0x00000000080040d4                HAL_UART_ErrorCallback
 .text.HAL_UARTEx_RxEventCallback
                0x00000000080040e8       0x18 ./Drivers/STM32F4xx_HAL_Driver/Src/stm32f4xx_hal_uart.o
                0x00000000080040e8                HAL_UARTEx_RxEventCallback
 .text.UART_WaitOnFlagUntilTimeout
                0x0000000008004100       0xdc ./Drivers/STM32F4xx_HAL_Driver/Src/stm32f4xx_hal_uart.o
 .text.UART_Start_Receive_IT
                0x00000000080041dc       0x7c ./Drivers/STM32F4xx_HAL_Driver/Src/stm32f4xx_hal_uart.o
                0x00000000080041dc                UART_Start_Receive_IT
 .text.UART_EndRxTransfer
                0x0000000008004258       0xc6 ./Drivers/STM32F4xx_HAL_Driver/Src/stm32f4xx_hal_uart.o
 .text.UART_DMAAbortOnError
                0x000000000800431e       0x28 ./Drivers/STM32F4xx_HAL_Driver/Src/stm32f4xx_hal_uart.o
 .text.UART_Transmit_IT
                0x0000000008004346       0xa0 ./Drivers/STM32F4xx_HAL_Driver/Src/stm32f4xx_hal_uart.o
 .text.UART_EndTransmit_IT
                0x00000000080043e6       0x30 ./Drivers/STM32F4xx_HAL_Driver/Src/stm32f4xx_hal_uart.o
 .text.UART_Receive_IT
                0x0000000008004416      0x176 ./Drivers/STM32F4xx_HAL_Driver/Src/stm32f4xx_hal_uart.o
 .text.UART_SetConfig
                0x000000000800458c      0x4e8 ./Drivers/STM32F4xx_HAL_Driver/Src/stm32f4xx_hal_uart.o
 .text.vListInitialise
                0x0000000008004a74       0x40 ./common/ThirdParty/FreeRTOS/list.o
                0x0000000008004a74                vListInitialise
 .text.vListInitialiseItem
                0x0000000008004ab4       0x1a ./common/ThirdParty/FreeRTOS/list.o
                0x0000000008004ab4                vListInitialiseItem
 .text.vListInsertEnd
                0x0000000008004ace       0x48 ./common/ThirdParty/FreeRTOS/list.o
                0x0000000008004ace                vListInsertEnd
 .text.vListInsert
                0x0000000008004b16       0x72 ./common/ThirdParty/FreeRTOS/list.o
                0x0000000008004b16                vListInsert
 .text.uxListRemove
                0x0000000008004b88       0x54 ./common/ThirdParty/FreeRTOS/list.o
                0x0000000008004b88                uxListRemove
 .text.xQueueGenericReset
                0x0000000008004bdc       0xd0 ./common/ThirdParty/FreeRTOS/queue.o
                0x0000000008004bdc                xQueueGenericReset
 .text.xQueueGenericCreate
                0x0000000008004cac       0xbe ./common/ThirdParty/FreeRTOS/queue.o
                0x0000000008004cac                xQueueGenericCreate
 .text.prvInitialiseNewQueue
                0x0000000008004d6a       0x46 ./common/ThirdParty/FreeRTOS/queue.o
 .text.xQueueGenericSend
                0x0000000008004db0      0x1fc ./common/ThirdParty/FreeRTOS/queue.o
                0x0000000008004db0                xQueueGenericSend
 .text.xQueueGenericSendFromISR
                0x0000000008004fac      0x154 ./common/ThirdParty/FreeRTOS/queue.o
                0x0000000008004fac                xQueueGenericSendFromISR
 .text.xQueueReceive
                0x0000000008005100      0x1c0 ./common/ThirdParty/FreeRTOS/queue.o
                0x0000000008005100                xQueueReceive
 .text.xQueueReceiveFromISR
                0x00000000080052c0      0x11e ./common/ThirdParty/FreeRTOS/queue.o
                0x00000000080052c0                xQueueReceiveFromISR
 .text.uxQueueMessagesWaiting
                0x00000000080053de       0x3c ./common/ThirdParty/FreeRTOS/queue.o
                0x00000000080053de                uxQueueMessagesWaiting
 .text.prvCopyDataToQueue
                0x000000000800541a       0xd4 ./common/ThirdParty/FreeRTOS/queue.o
 .text.prvCopyDataFromQueue
                0x00000000080054ee       0x4c ./common/ThirdParty/FreeRTOS/queue.o
 .text.prvUnlockQueue
                0x000000000800553a       0xa4 ./common/ThirdParty/FreeRTOS/queue.o
 .text.prvIsQueueEmpty
                0x00000000080055de       0x2c ./common/ThirdParty/FreeRTOS/queue.o
 .text.prvIsQueueFull
                0x000000000800560a       0x30 ./common/ThirdParty/FreeRTOS/queue.o
 .text.xQueueIsQueueFullFromISR
                0x000000000800563a       0x4c ./common/ThirdParty/FreeRTOS/queue.o
                0x000000000800563a                xQueueIsQueueFullFromISR
 *fill*         0x0000000008005686        0x2 
 .text.vQueueAddToRegistry
                0x0000000008005688       0x54 ./common/ThirdParty/FreeRTOS/queue.o
                0x0000000008005688                vQueueAddToRegistry
 .text.vQueueWaitForMessageRestricted
                0x00000000080056dc       0x68 ./common/ThirdParty/FreeRTOS/queue.o
                0x00000000080056dc                vQueueWaitForMessageRestricted
 .text.xTaskCreate
                0x0000000008005744       0x82 ./common/ThirdParty/FreeRTOS/tasks.o
                0x0000000008005744                xTaskCreate
 .text.prvInitialiseNewTask
                0x00000000080057c6      0x12c ./common/ThirdParty/FreeRTOS/tasks.o
 *fill*         0x00000000080058f2        0x2 
 .text.prvAddNewTaskToReadyList
                0x00000000080058f4       0xdc ./common/ThirdParty/FreeRTOS/tasks.o
 .text.vTaskStartScheduler
                0x00000000080059d0       0xa4 ./common/ThirdParty/FreeRTOS/tasks.o
                0x00000000080059d0                vTaskStartScheduler
 .text.vTaskSuspendAll
                0x0000000008005a74       0x1c ./common/ThirdParty/FreeRTOS/tasks.o
                0x0000000008005a74                vTaskSuspendAll
 .text.xTaskResumeAll
                0x0000000008005a90      0x138 ./common/ThirdParty/FreeRTOS/tasks.o
                0x0000000008005a90                xTaskResumeAll
 .text.xTaskGetTickCount
                0x0000000008005bc8       0x20 ./common/ThirdParty/FreeRTOS/tasks.o
                0x0000000008005bc8                xTaskGetTickCount
 .text.xTaskIncrementTick
                0x0000000008005be8      0x170 ./common/ThirdParty/FreeRTOS/tasks.o
                0x0000000008005be8                xTaskIncrementTick
 .text.vTaskSwitchContext
                0x0000000008005d58       0xb8 ./common/ThirdParty/FreeRTOS/tasks.o
                0x0000000008005d58                vTaskSwitchContext
 .text.vTaskPlaceOnEventList
                0x0000000008005e10       0x48 ./common/ThirdParty/FreeRTOS/tasks.o
                0x0000000008005e10                vTaskPlaceOnEventList
 .text.vTaskPlaceOnEventListRestricted
                0x0000000008005e58       0x58 ./common/ThirdParty/FreeRTOS/tasks.o
                0x0000000008005e58                vTaskPlaceOnEventListRestricted
 .text.xTaskRemoveFromEventList
                0x0000000008005eb0       0xc4 ./common/ThirdParty/FreeRTOS/tasks.o
                0x0000000008005eb0                xTaskRemoveFromEventList
 .text.vTaskInternalSetTimeOutState
                0x0000000008005f74       0x2c ./common/ThirdParty/FreeRTOS/tasks.o
                0x0000000008005f74                vTaskInternalSetTimeOutState
 .text.xTaskCheckForTimeOut
                0x0000000008005fa0       0xcc ./common/ThirdParty/FreeRTOS/tasks.o
                0x0000000008005fa0                xTaskCheckForTimeOut
 .text.vTaskMissedYield
                0x000000000800606c       0x18 ./common/ThirdParty/FreeRTOS/tasks.o
                0x000000000800606c                vTaskMissedYield
 .text.prvIdleTask
                0x0000000008006084       0x30 ./common/ThirdParty/FreeRTOS/tasks.o
 .text.prvInitialiseTaskLists
                0x00000000080060b4       0x80 ./common/ThirdParty/FreeRTOS/tasks.o
 .text.prvCheckTasksWaitingTermination
                0x0000000008006134       0x5c ./common/ThirdParty/FreeRTOS/tasks.o
 .text.prvDeleteTCB
                0x0000000008006190       0x20 ./common/ThirdParty/FreeRTOS/tasks.o
 .text.prvResetNextTaskUnblockTime
                0x00000000080061b0       0x38 ./common/ThirdParty/FreeRTOS/tasks.o
 .text.xTaskGetSchedulerState
                0x00000000080061e8       0x3c ./common/ThirdParty/FreeRTOS/tasks.o
                0x00000000080061e8                xTaskGetSchedulerState
 .text.xTaskPriorityDisinherit
                0x0000000008006224       0xf4 ./common/ThirdParty/FreeRTOS/tasks.o
                0x0000000008006224                xTaskPriorityDisinherit
 .text.xTaskGenericNotifyWait
                0x0000000008006318      0x100 ./common/ThirdParty/FreeRTOS/tasks.o
                0x0000000008006318                xTaskGenericNotifyWait
 .text.xTaskGenericNotify
                0x0000000008006418      0x1c0 ./common/ThirdParty/FreeRTOS/tasks.o
                0x0000000008006418                xTaskGenericNotify
 .text.xTaskGenericNotifyFromISR
                0x00000000080065d8      0x204 ./common/ThirdParty/FreeRTOS/tasks.o
                0x00000000080065d8                xTaskGenericNotifyFromISR
 .text.prvAddCurrentTaskToDelayedList
                0x00000000080067dc       0xcc ./common/ThirdParty/FreeRTOS/tasks.o
 .text.xTimerCreateTimerTask
                0x00000000080068a8       0x64 ./common/ThirdParty/FreeRTOS/timers.o
                0x00000000080068a8                xTimerCreateTimerTask
 .text.xTimerCreate
                0x000000000800690c       0x42 ./common/ThirdParty/FreeRTOS/timers.o
                0x000000000800690c                xTimerCreate
 .text.prvInitialiseNewTimer
                0x000000000800694e       0x76 ./common/ThirdParty/FreeRTOS/timers.o
 .text.xTimerGenericCommand
                0x00000000080069c4       0x9c ./common/ThirdParty/FreeRTOS/timers.o
                0x00000000080069c4                xTimerGenericCommand
 .text.prvProcessExpiredTimer
                0x0000000008006a60       0x98 ./common/ThirdParty/FreeRTOS/timers.o
 .text.prvTimerTask
                0x0000000008006af8       0x24 ./common/ThirdParty/FreeRTOS/timers.o
 .text.prvProcessTimerOrBlockTask
                0x0000000008006b1c       0x9c ./common/ThirdParty/FreeRTOS/timers.o
 .text.prvGetNextExpireTime
                0x0000000008006bb8       0x48 ./common/ThirdParty/FreeRTOS/timers.o
 .text.prvSampleTimeNow
                0x0000000008006c00       0x40 ./common/ThirdParty/FreeRTOS/timers.o
 .text.prvInsertTimerInActiveList
                0x0000000008006c40       0x84 ./common/ThirdParty/FreeRTOS/timers.o
 .text.prvProcessReceivedCommands
                0x0000000008006cc4      0x18c ./common/ThirdParty/FreeRTOS/timers.o
 .text.prvSwitchTimerLists
                0x0000000008006e50       0xc8 ./common/ThirdParty/FreeRTOS/timers.o
 .text.prvCheckForValidListAndQueue
                0x0000000008006f18       0x6c ./common/ThirdParty/FreeRTOS/timers.o
 .text.xTimerIsTimerActive
                0x0000000008006f84       0x52 ./common/ThirdParty/FreeRTOS/timers.o
                0x0000000008006f84                xTimerIsTimerActive
 .text.pvTimerGetTimerID
                0x0000000008006fd6       0x40 ./common/ThirdParty/FreeRTOS/timers.o
                0x0000000008006fd6                pvTimerGetTimerID
 *fill*         0x0000000008007016        0x2 
 .text.pxPortInitialiseStack
                0x0000000008007018       0x68 ./common/ThirdParty/FreeRTOS/portable/GCC/ARM_CM4F/port.o
                0x0000000008007018                pxPortInitialiseStack
 .text.prvTaskExitError
                0x0000000008007080       0x58 ./common/ThirdParty/FreeRTOS/portable/GCC/ARM_CM4F/port.o
 *fill*         0x00000000080070d8        0x8 
 .text.SVC_Handler
                0x00000000080070e0       0x28 ./common/ThirdParty/FreeRTOS/portable/GCC/ARM_CM4F/port.o
                0x00000000080070e0                SVC_Handler
 .text.prvPortStartFirstTask
                0x0000000008007108       0x2c ./common/ThirdParty/FreeRTOS/portable/GCC/ARM_CM4F/port.o
 .text.xPortStartScheduler
                0x0000000008007134      0x144 ./common/ThirdParty/FreeRTOS/portable/GCC/ARM_CM4F/port.o
                0x0000000008007134                xPortStartScheduler
 .text.vPortEnterCritical
                0x0000000008007278       0x60 ./common/ThirdParty/FreeRTOS/portable/GCC/ARM_CM4F/port.o
                0x0000000008007278                vPortEnterCritical
 .text.vPortExitCritical
                0x00000000080072d8       0x54 ./common/ThirdParty/FreeRTOS/portable/GCC/ARM_CM4F/port.o
                0x00000000080072d8                vPortExitCritical
 *fill*         0x000000000800732c        0x4 
 .text.PendSV_Handler
                0x0000000008007330       0x68 ./common/ThirdParty/FreeRTOS/portable/GCC/ARM_CM4F/port.o
                0x0000000008007330                PendSV_Handler
 .text.SysTick_Handler
                0x0000000008007398       0x44 ./common/ThirdParty/FreeRTOS/portable/GCC/ARM_CM4F/port.o
                0x0000000008007398                SysTick_Handler
 .text.vPortSetupTimerInterrupt
                0x00000000080073dc       0x48 ./common/ThirdParty/FreeRTOS/portable/GCC/ARM_CM4F/port.o
                0x00000000080073dc                vPortSetupTimerInterrupt
 .text.vPortEnableVFP
                0x0000000008007424       0x18 ./common/ThirdParty/FreeRTOS/portable/GCC/ARM_CM4F/port.o
 .text.vPortValidateInterruptPriority
                0x000000000800743c       0x80 ./common/ThirdParty/FreeRTOS/portable/GCC/ARM_CM4F/port.o
                0x000000000800743c                vPortValidateInterruptPriority
 .text.pvPortMalloc
                0x00000000080074bc      0x1c0 ./common/ThirdParty/FreeRTOS/portable/MemMang/heap_4.o
                0x00000000080074bc                pvPortMalloc
 .text.vPortFree
                0x000000000800767c       0xc4 ./common/ThirdParty/FreeRTOS/portable/MemMang/heap_4.o
                0x000000000800767c                vPortFree
 .text.prvHeapInit
                0x0000000008007740       0xc4 ./common/ThirdParty/FreeRTOS/portable/MemMang/heap_4.o
 .text.prvInsertBlockIntoFreeList
                0x0000000008007804       0xb4 ./common/ThirdParty/FreeRTOS/portable/MemMang/heap_4.o
 .text.__errno  0x00000000080078b8        0xc c:/st/stm32cubeide_1.9.0/stm32cubeide/plugins/com.st.stm32cube.ide.mcu.externaltools.gnu-tools-for-stm32.10.3-2021.10.win32_1.0.0.202111181127/tools/bin/../lib/gcc/arm-none-eabi/10.3.1/../../../../arm-none-eabi/lib/thumb/v7e-m+fp/hard\libc_nano.a(lib_a-errno.o)
                0x00000000080078b8                __errno
 .text.__libc_init_array
                0x00000000080078c4       0x48 c:/st/stm32cubeide_1.9.0/stm32cubeide/plugins/com.st.stm32cube.ide.mcu.externaltools.gnu-tools-for-stm32.10.3-2021.10.win32_1.0.0.202111181127/tools/bin/../lib/gcc/arm-none-eabi/10.3.1/../../../../arm-none-eabi/lib/thumb/v7e-m+fp/hard\libc_nano.a(lib_a-init.o)
                0x00000000080078c4                __libc_init_array
 .text.memcpy   0x000000000800790c       0x1c c:/st/stm32cubeide_1.9.0/stm32cubeide/plugins/com.st.stm32cube.ide.mcu.externaltools.gnu-tools-for-stm32.10.3-2021.10.win32_1.0.0.202111181127/tools/bin/../lib/gcc/arm-none-eabi/10.3.1/../../../../arm-none-eabi/lib/thumb/v7e-m+fp/hard\libc_nano.a(lib_a-memcpy-stub.o)
                0x000000000800790c                memcpy
 .text.memset   0x0000000008007928       0x10 c:/st/stm32cubeide_1.9.0/stm32cubeide/plugins/com.st.stm32cube.ide.mcu.externaltools.gnu-tools-for-stm32.10.3-2021.10.win32_1.0.0.202111181127/tools/bin/../lib/gcc/arm-none-eabi/10.3.1/../../../../arm-none-eabi/lib/thumb/v7e-m+fp/hard\libc_nano.a(lib_a-memset.o)
                0x0000000008007928                memset
 .text.sprintf  0x0000000008007938       0x40 c:/st/stm32cubeide_1.9.0/stm32cubeide/plugins/com.st.stm32cube.ide.mcu.externaltools.gnu-tools-for-stm32.10.3-2021.10.win32_1.0.0.202111181127/tools/bin/../lib/gcc/arm-none-eabi/10.3.1/../../../../arm-none-eabi/lib/thumb/v7e-m+fp/hard\libc_nano.a(lib_a-sprintf.o)
                0x0000000008007938                siprintf
                0x0000000008007938                sprintf
 .text.__ssputs_r
                0x0000000008007978       0xb6 c:/st/stm32cubeide_1.9.0/stm32cubeide/plugins/com.st.stm32cube.ide.mcu.externaltools.gnu-tools-for-stm32.10.3-2021.10.win32_1.0.0.202111181127/tools/bin/../lib/gcc/arm-none-eabi/10.3.1/../../../../arm-none-eabi/lib/thumb/v7e-m+fp/hard\libc_nano.a(lib_a-nano-svfprintf.o)
                0x0000000008007978                __ssputs_r
 *fill*         0x0000000008007a2e        0x2 
 .text._svfprintf_r
                0x0000000008007a30      0x200 c:/st/stm32cubeide_1.9.0/stm32cubeide/plugins/com.st.stm32cube.ide.mcu.externaltools.gnu-tools-for-stm32.10.3-2021.10.win32_1.0.0.202111181127/tools/bin/../lib/gcc/arm-none-eabi/10.3.1/../../../../arm-none-eabi/lib/thumb/v7e-m+fp/hard\libc_nano.a(lib_a-nano-svfprintf.o)
                0x0000000008007a30                _svfiprintf_r
                0x0000000008007a30                _svfprintf_r
 .text._printf_common
                0x0000000008007c30       0xda c:/st/stm32cubeide_1.9.0/stm32cubeide/plugins/com.st.stm32cube.ide.mcu.externaltools.gnu-tools-for-stm32.10.3-2021.10.win32_1.0.0.202111181127/tools/bin/../lib/gcc/arm-none-eabi/10.3.1/../../../../arm-none-eabi/lib/thumb/v7e-m+fp/hard\libc_nano.a(lib_a-nano-vfprintf_i.o)
                0x0000000008007c30                _printf_common
 *fill*         0x0000000008007d0a        0x2 
 .text._printf_i
                0x0000000008007d0c      0x24c c:/st/stm32cubeide_1.9.0/stm32cubeide/plugins/com.st.stm32cube.ide.mcu.externaltools.gnu-tools-for-stm32.10.3-2021.10.win32_1.0.0.202111181127/tools/bin/../lib/gcc/arm-none-eabi/10.3.1/../../../../arm-none-eabi/lib/thumb/v7e-m+fp/hard\libc_nano.a(lib_a-nano-vfprintf_i.o)
                0x0000000008007d0c                _printf_i
 .text.memmove  0x0000000008007f58       0x34 c:/st/stm32cubeide_1.9.0/stm32cubeide/plugins/com.st.stm32cube.ide.mcu.externaltools.gnu-tools-for-stm32.10.3-2021.10.win32_1.0.0.202111181127/tools/bin/../lib/gcc/arm-none-eabi/10.3.1/../../../../arm-none-eabi/lib/thumb/v7e-m+fp/hard\libc_nano.a(lib_a-memmove.o)
                0x0000000008007f58                memmove
 .text._free_r  0x0000000008007f8c       0x98 c:/st/stm32cubeide_1.9.0/stm32cubeide/plugins/com.st.stm32cube.ide.mcu.externaltools.gnu-tools-for-stm32.10.3-2021.10.win32_1.0.0.202111181127/tools/bin/../lib/gcc/arm-none-eabi/10.3.1/../../../../arm-none-eabi/lib/thumb/v7e-m+fp/hard\libc_nano.a(lib_a-nano-freer.o)
                0x0000000008007f8c                _free_r
 .text.sbrk_aligned
                0x0000000008008024       0x40 c:/st/stm32cubeide_1.9.0/stm32cubeide/plugins/com.st.stm32cube.ide.mcu.externaltools.gnu-tools-for-stm32.10.3-2021.10.win32_1.0.0.202111181127/tools/bin/../lib/gcc/arm-none-eabi/10.3.1/../../../../arm-none-eabi/lib/thumb/v7e-m+fp/hard\libc_nano.a(lib_a-nano-mallocr.o)
 .text._malloc_r
                0x0000000008008064       0xe8 c:/st/stm32cubeide_1.9.0/stm32cubeide/plugins/com.st.stm32cube.ide.mcu.externaltools.gnu-tools-for-stm32.10.3-2021.10.win32_1.0.0.202111181127/tools/bin/../lib/gcc/arm-none-eabi/10.3.1/../../../../arm-none-eabi/lib/thumb/v7e-m+fp/hard\libc_nano.a(lib_a-nano-mallocr.o)
                0x0000000008008064                _malloc_r
 .text._realloc_r
                0x000000000800814c       0x5e c:/st/stm32cubeide_1.9.0/stm32cubeide/plugins/com.st.stm32cube.ide.mcu.externaltools.gnu-tools-for-stm32.10.3-2021.10.win32_1.0.0.202111181127/tools/bin/../lib/gcc/arm-none-eabi/10.3.1/../../../../arm-none-eabi/lib/thumb/v7e-m+fp/hard\libc_nano.a(lib_a-nano-reallocr.o)
                0x000000000800814c                _realloc_r
 *fill*         0x00000000080081aa        0x2 
 .text._sbrk_r  0x00000000080081ac       0x20 c:/st/stm32cubeide_1.9.0/stm32cubeide/plugins/com.st.stm32cube.ide.mcu.externaltools.gnu-tools-for-stm32.10.3-2021.10.win32_1.0.0.202111181127/tools/bin/../lib/gcc/arm-none-eabi/10.3.1/../../../../arm-none-eabi/lib/thumb/v7e-m+fp/hard\libc_nano.a(lib_a-sbrkr.o)
                0x00000000080081ac                _sbrk_r
 .text.__malloc_lock
                0x00000000080081cc        0xc c:/st/stm32cubeide_1.9.0/stm32cubeide/plugins/com.st.stm32cube.ide.mcu.externaltools.gnu-tools-for-stm32.10.3-2021.10.win32_1.0.0.202111181127/tools/bin/../lib/gcc/arm-none-eabi/10.3.1/../../../../arm-none-eabi/lib/thumb/v7e-m+fp/hard\libc_nano.a(lib_a-mlock.o)
                0x00000000080081cc                __malloc_lock
 .text.__malloc_unlock
                0x00000000080081d8        0xc c:/st/stm32cubeide_1.9.0/stm32cubeide/plugins/com.st.stm32cube.ide.mcu.externaltools.gnu-tools-for-stm32.10.3-2021.10.win32_1.0.0.202111181127/tools/bin/../lib/gcc/arm-none-eabi/10.3.1/../../../../arm-none-eabi/lib/thumb/v7e-m+fp/hard\libc_nano.a(lib_a-mlock.o)
                0x00000000080081d8                __malloc_unlock
 .text._malloc_usable_size_r
                0x00000000080081e4       0x10 c:/st/stm32cubeide_1.9.0/stm32cubeide/plugins/com.st.stm32cube.ide.mcu.externaltools.gnu-tools-for-stm32.10.3-2021.10.win32_1.0.0.202111181127/tools/bin/../lib/gcc/arm-none-eabi/10.3.1/../../../../arm-none-eabi/lib/thumb/v7e-m+fp/hard\libc_nano.a(lib_a-nano-msizer.o)
                0x00000000080081e4                _malloc_usable_size_r
 .text.__retarget_lock_acquire_recursive
                0x00000000080081f4        0x2 c:/st/stm32cubeide_1.9.0/stm32cubeide/plugins/com.st.stm32cube.ide.mcu.externaltools.gnu-tools-for-stm32.10.3-2021.10.win32_1.0.0.202111181127/tools/bin/../lib/gcc/arm-none-eabi/10.3.1/../../../../arm-none-eabi/lib/thumb/v7e-m+fp/hard\libc_nano.a(lib_a-lock.o)
                0x00000000080081f4                __retarget_lock_acquire_recursive
 .text.__retarget_lock_release_recursive
                0x00000000080081f6        0x2 c:/st/stm32cubeide_1.9.0/stm32cubeide/plugins/com.st.stm32cube.ide.mcu.externaltools.gnu-tools-for-stm32.10.3-2021.10.win32_1.0.0.202111181127/tools/bin/../lib/gcc/arm-none-eabi/10.3.1/../../../../arm-none-eabi/lib/thumb/v7e-m+fp/hard\libc_nano.a(lib_a-lock.o)
                0x00000000080081f6                __retarget_lock_release_recursive
 *(.glue_7)
 .glue_7        0x00000000080081f8        0x0 linker stubs
 *(.glue_7t)
 .glue_7t       0x00000000080081f8        0x0 linker stubs
 *(.eh_frame)
 .eh_frame      0x00000000080081f8        0x0 c:/st/stm32cubeide_1.9.0/stm32cubeide/plugins/com.st.stm32cube.ide.mcu.externaltools.gnu-tools-for-stm32.10.3-2021.10.win32_1.0.0.202111181127/tools/bin/../lib/gcc/arm-none-eabi/10.3.1/thumb/v7e-m+fp/hard/crtbegin.o
 *(.init)
 .init          0x00000000080081f8        0x4 c:/st/stm32cubeide_1.9.0/stm32cubeide/plugins/com.st.stm32cube.ide.mcu.externaltools.gnu-tools-for-stm32.10.3-2021.10.win32_1.0.0.202111181127/tools/bin/../lib/gcc/arm-none-eabi/10.3.1/thumb/v7e-m+fp/hard/crti.o
                0x00000000080081f8                _init
 .init          0x00000000080081fc        0x8 c:/st/stm32cubeide_1.9.0/stm32cubeide/plugins/com.st.stm32cube.ide.mcu.externaltools.gnu-tools-for-stm32.10.3-2021.10.win32_1.0.0.202111181127/tools/bin/../lib/gcc/arm-none-eabi/10.3.1/thumb/v7e-m+fp/hard/crtn.o
 *(.fini)
 .fini          0x0000000008008204        0x4 c:/st/stm32cubeide_1.9.0/stm32cubeide/plugins/com.st.stm32cube.ide.mcu.externaltools.gnu-tools-for-stm32.10.3-2021.10.win32_1.0.0.202111181127/tools/bin/../lib/gcc/arm-none-eabi/10.3.1/thumb/v7e-m+fp/hard/crti.o
                0x0000000008008204                _fini
 .fini          0x0000000008008208        0x8 c:/st/stm32cubeide_1.9.0/stm32cubeide/plugins/com.st.stm32cube.ide.mcu.externaltools.gnu-tools-for-stm32.10.3-2021.10.win32_1.0.0.202111181127/tools/bin/../lib/gcc/arm-none-eabi/10.3.1/thumb/v7e-m+fp/hard/crtn.o
                0x0000000008008210                . = ALIGN (0x4)
                0x0000000008008210                _etext = .

.vfp11_veneer   0x0000000008008210        0x0
 .vfp11_veneer  0x0000000008008210        0x0 linker stubs

.v4_bx          0x0000000008008210        0x0
 .v4_bx         0x0000000008008210        0x0 linker stubs

.iplt           0x0000000008008210        0x0
 .iplt          0x0000000008008210        0x0 c:/st/stm32cubeide_1.9.0/stm32cubeide/plugins/com.st.stm32cube.ide.mcu.externaltools.gnu-tools-for-stm32.10.3-2021.10.win32_1.0.0.202111181127/tools/bin/../lib/gcc/arm-none-eabi/10.3.1/thumb/v7e-m+fp/hard/crtbegin.o

.rodata         0x0000000008008210      0x3f4
                0x0000000008008210                . = ALIGN (0x4)
 *(.rodata)
 .rodata        0x0000000008008210       0x46 ./Core/Src/main.o
 *fill*         0x0000000008008256        0x2 
 .rodata        0x0000000008008258       0x49 ./Core/Src/rtc.o
 *fill*         0x00000000080082a1        0x3 
 .rodata        0x00000000080082a4      0x2fb ./Core/Src/task_handler.o
 *fill*         0x000000000800859f        0x1 
 .rodata        0x00000000080085a0        0x5 ./common/ThirdParty/FreeRTOS/tasks.o
 *fill*         0x00000000080085a5        0x3 
 .rodata        0x00000000080085a8        0xd ./common/ThirdParty/FreeRTOS/timers.o
 *(.rodata*)
 *fill*         0x00000000080085b5        0x3 
 .rodata.AHBPrescTable
                0x00000000080085b8       0x10 ./Core/Src/system_stm32f4xx.o
                0x00000000080085b8                AHBPrescTable
 .rodata.APBPrescTable
                0x00000000080085c8        0x8 ./Core/Src/system_stm32f4xx.o
                0x00000000080085c8                APBPrescTable
 .rodata._svfprintf_r.str1.1
                0x00000000080085d0       0x11 c:/st/stm32cubeide_1.9.0/stm32cubeide/plugins/com.st.stm32cube.ide.mcu.externaltools.gnu-tools-for-stm32.10.3-2021.10.win32_1.0.0.202111181127/tools/bin/../lib/gcc/arm-none-eabi/10.3.1/../../../../arm-none-eabi/lib/thumb/v7e-m+fp/hard\libc_nano.a(lib_a-nano-svfprintf.o)
 .rodata._printf_i.str1.1
                0x00000000080085e1       0x22 c:/st/stm32cubeide_1.9.0/stm32cubeide/plugins/com.st.stm32cube.ide.mcu.externaltools.gnu-tools-for-stm32.10.3-2021.10.win32_1.0.0.202111181127/tools/bin/../lib/gcc/arm-none-eabi/10.3.1/../../../../arm-none-eabi/lib/thumb/v7e-m+fp/hard\libc_nano.a(lib_a-nano-vfprintf_i.o)
                0x0000000008008604                . = ALIGN (0x4)
 *fill*         0x0000000008008603        0x1 

.ARM.extab      0x0000000008008604        0x0
                0x0000000008008604                . = ALIGN (0x4)
 *(.ARM.extab* .gnu.linkonce.armextab.*)
                0x0000000008008604                . = ALIGN (0x4)

.ARM            0x0000000008008604        0x8
                0x0000000008008604                . = ALIGN (0x4)
                0x0000000008008604                __exidx_start = .
 *(.ARM.exidx*)
 .ARM.exidx     0x0000000008008604        0x8 c:/st/stm32cubeide_1.9.0/stm32cubeide/plugins/com.st.stm32cube.ide.mcu.externaltools.gnu-tools-for-stm32.10.3-2021.10.win32_1.0.0.202111181127/tools/bin/../lib/gcc/arm-none-eabi/10.3.1/thumb/v7e-m+fp/hard\libgcc.a(_udivmoddi4.o)
                0x000000000800860c                __exidx_end = .
                0x000000000800860c                . = ALIGN (0x4)

.rel.dyn        0x000000000800860c        0x0
 .rel.iplt      0x000000000800860c        0x0 c:/st/stm32cubeide_1.9.0/stm32cubeide/plugins/com.st.stm32cube.ide.mcu.externaltools.gnu-tools-for-stm32.10.3-2021.10.win32_1.0.0.202111181127/tools/bin/../lib/gcc/arm-none-eabi/10.3.1/thumb/v7e-m+fp/hard/crtbegin.o

.preinit_array  0x000000000800860c        0x0
                0x000000000800860c                . = ALIGN (0x4)
                0x000000000800860c                PROVIDE (__preinit_array_start = .)
 *(.preinit_array*)
                0x000000000800860c                PROVIDE (__preinit_array_end = .)
                0x000000000800860c                . = ALIGN (0x4)

.init_array     0x000000000800860c        0x4
                0x000000000800860c                . = ALIGN (0x4)
                0x000000000800860c                PROVIDE (__init_array_start = .)
 *(SORT_BY_NAME(.init_array.*))
 *(.init_array*)
 .init_array    0x000000000800860c        0x4 c:/st/stm32cubeide_1.9.0/stm32cubeide/plugins/com.st.stm32cube.ide.mcu.externaltools.gnu-tools-for-stm32.10.3-2021.10.win32_1.0.0.202111181127/tools/bin/../lib/gcc/arm-none-eabi/10.3.1/thumb/v7e-m+fp/hard/crtbegin.o
                0x0000000008008610                PROVIDE (__init_array_end = .)
                0x0000000008008610                . = ALIGN (0x4)

.fini_array     0x0000000008008610        0x4
                0x0000000008008610                . = ALIGN (0x4)
                [!provide]                        PROVIDE (__fini_array_start = .)
 *(SORT_BY_NAME(.fini_array.*))
 *(.fini_array*)
 .fini_array    0x0000000008008610        0x4 c:/st/stm32cubeide_1.9.0/stm32cubeide/plugins/com.st.stm32cube.ide.mcu.externaltools.gnu-tools-for-stm32.10.3-2021.10.win32_1.0.0.202111181127/tools/bin/../lib/gcc/arm-none-eabi/10.3.1/thumb/v7e-m+fp/hard/crtbegin.o
                [!provide]                        PROVIDE (__fini_array_end = .)
                0x0000000008008614                . = ALIGN (0x4)
                0x0000000008008614                _sidata = LOADADDR (.data)

.data           0x0000000020000000       0x8c load address 0x0000000008008614
                0x0000000020000000                . = ALIGN (0x4)
                0x0000000020000000                _sdata = .
 *(.data)
 *(.data*)
 .data.flag.3   0x0000000020000000        0x4 ./Core/Src/led_effect.o
 .data.flag.2   0x0000000020000004        0x4 ./Core/Src/led_effect.o
 .data.time.2   0x0000000020000008        0x4 ./Core/Src/rtc.o
 .data.date.0   0x000000002000000c        0x4 ./Core/Src/rtc.o
 .data.SystemCoreClock
                0x0000000020000010        0x4 ./Core/Src/system_stm32f4xx.o
                0x0000000020000010                SystemCoreClock
 .data.msg_inv  0x0000000020000014        0x4 ./Core/Src/task_handler.o
                0x0000000020000014                msg_inv
 .data.uwTickPrio
                0x0000000020000018        0x4 ./Drivers/STM32F4xx_HAL_Driver/Src/stm32f4xx_hal.o
                0x0000000020000018                uwTickPrio
 .data.uwTickFreq
                0x000000002000001c        0x1 ./Drivers/STM32F4xx_HAL_Driver/Src/stm32f4xx_hal.o
                0x000000002000001c                uwTickFreq
 *fill*         0x000000002000001d        0x3 
 .data.uxTopUsedPriority
                0x0000000020000020        0x4 ./common/ThirdParty/FreeRTOS/tasks.o
                0x0000000020000020                uxTopUsedPriority
 .data.uxCriticalNesting
                0x0000000020000024        0x4 ./common/ThirdParty/FreeRTOS/portable/GCC/ARM_CM4F/port.o
 .data._impure_ptr
                0x0000000020000028        0x4 c:/st/stm32cubeide_1.9.0/stm32cubeide/plugins/com.st.stm32cube.ide.mcu.externaltools.gnu-tools-for-stm32.10.3-2021.10.win32_1.0.0.202111181127/tools/bin/../lib/gcc/arm-none-eabi/10.3.1/../../../../arm-none-eabi/lib/thumb/v7e-m+fp/hard\libc_nano.a(lib_a-impure.o)
                0x0000000020000028                _impure_ptr
 .data.impure_data
                0x000000002000002c       0x60 c:/st/stm32cubeide_1.9.0/stm32cubeide/plugins/com.st.stm32cube.ide.mcu.externaltools.gnu-tools-for-stm32.10.3-2021.10.win32_1.0.0.202111181127/tools/bin/../lib/gcc/arm-none-eabi/10.3.1/../../../../arm-none-eabi/lib/thumb/v7e-m+fp/hard\libc_nano.a(lib_a-impure.o)
 *(.RamFunc)
 *(.RamFunc*)
                0x000000002000008c                . = ALIGN (0x4)
                0x000000002000008c                _edata = .
                0x00000000080086a0                _siccmram = LOADADDR (.ccmram)

.igot.plt       0x000000002000008c        0x0 load address 0x00000000080086a0
 .igot.plt      0x000000002000008c        0x0 c:/st/stm32cubeide_1.9.0/stm32cubeide/plugins/com.st.stm32cube.ide.mcu.externaltools.gnu-tools-for-stm32.10.3-2021.10.win32_1.0.0.202111181127/tools/bin/../lib/gcc/arm-none-eabi/10.3.1/thumb/v7e-m+fp/hard/crtbegin.o

.ccmram         0x0000000010000000        0x0 load address 0x00000000080086a0
                0x0000000010000000                . = ALIGN (0x4)
                0x0000000010000000                _sccmram = .
 *(.ccmram)
 *(.ccmram*)
                0x0000000010000000                . = ALIGN (0x4)
                0x0000000010000000                _eccmram = .
                0x0000000010000000                . = ALIGN (0x4)

.bss            0x000000002000008c    0x19318
                0x000000002000008c                _sbss = .
                0x000000002000008c                __bss_start__ = _sbss
 *(.bss)
 .bss           0x000000002000008c       0x1c c:/st/stm32cubeide_1.9.0/stm32cubeide/plugins/com.st.stm32cube.ide.mcu.externaltools.gnu-tools-for-stm32.10.3-2021.10.win32_1.0.0.202111181127/tools/bin/../lib/gcc/arm-none-eabi/10.3.1/thumb/v7e-m+fp/hard/crtbegin.o
 *(.bss*)
 .bss.i.1       0x00000000200000a8        0x4 ./Core/Src/led_effect.o
 .bss.i.0       0x00000000200000ac        0x4 ./Core/Src/led_effect.o
 .bss.hrtc      0x00000000200000b0       0x20 ./Core/Src/main.o
                0x00000000200000b0                hrtc
 .bss.huart2    0x00000000200000d0       0x44 ./Core/Src/main.o
                0x00000000200000d0                huart2
 .bss.handle_cmd_task
                0x0000000020000114        0x4 ./Core/Src/main.o
                0x0000000020000114                handle_cmd_task
 .bss.handle_menu_task
                0x0000000020000118        0x4 ./Core/Src/main.o
                0x0000000020000118                handle_menu_task
 .bss.handle_print_task
                0x000000002000011c        0x4 ./Core/Src/main.o
                0x000000002000011c                handle_print_task
 .bss.handle_led_task
                0x0000000020000120        0x4 ./Core/Src/main.o
                0x0000000020000120                handle_led_task
 .bss.handle_rtc_task
                0x0000000020000124        0x4 ./Core/Src/main.o
                0x0000000020000124                handle_rtc_task
 .bss.q_data    0x0000000020000128        0x4 ./Core/Src/main.o
                0x0000000020000128                q_data
 .bss.q_print   0x000000002000012c        0x4 ./Core/Src/main.o
                0x000000002000012c                q_print
 .bss.handle_led_timer
                0x0000000020000130       0x10 ./Core/Src/main.o
                0x0000000020000130                handle_led_timer
 .bss.rtc_timer
                0x0000000020000140        0x4 ./Core/Src/main.o
                0x0000000020000140                rtc_timer
 .bss.user_data
                0x0000000020000144        0x1 ./Core/Src/main.o
                0x0000000020000144                user_data
 .bss.curr_state
                0x0000000020000145        0x1 ./Core/Src/main.o
                0x0000000020000145                curr_state
 *fill*         0x0000000020000146        0x2 
 .bss.showtime.3
                0x0000000020000148       0x28 ./Core/Src/rtc.o
 .bss.showdate.1
                0x0000000020000170       0x28 ./Core/Src/rtc.o
 .bss.htim6     0x0000000020000198       0x48 ./Core/Src/stm32f4xx_hal_timebase_tim.o
                0x0000000020000198                htim6
 .bss.__sbrk_heap_end
                0x00000000200001e0        0x4 ./Core/Src/sysmem.o
 .bss.rtc_state.0
                0x00000000200001e4        0x4 ./Core/Src/task_handler.o
 .bss.uwTick    0x00000000200001e8        0x4 ./Drivers/STM32F4xx_HAL_Driver/Src/stm32f4xx_hal.o
                0x00000000200001e8                uwTick
 .bss.xQueueRegistry
                0x00000000200001ec       0x40 ./common/ThirdParty/FreeRTOS/queue.o
                0x00000000200001ec                xQueueRegistry
 .bss.pxCurrentTCB
                0x000000002000022c        0x4 ./common/ThirdParty/FreeRTOS/tasks.o
                0x000000002000022c                pxCurrentTCB
 .bss.pxReadyTasksLists
                0x0000000020000230       0x64 ./common/ThirdParty/FreeRTOS/tasks.o
 .bss.xDelayedTaskList1
                0x0000000020000294       0x14 ./common/ThirdParty/FreeRTOS/tasks.o
 .bss.xDelayedTaskList2
                0x00000000200002a8       0x14 ./common/ThirdParty/FreeRTOS/tasks.o
 .bss.pxDelayedTaskList
                0x00000000200002bc        0x4 ./common/ThirdParty/FreeRTOS/tasks.o
 .bss.pxOverflowDelayedTaskList
                0x00000000200002c0        0x4 ./common/ThirdParty/FreeRTOS/tasks.o
 .bss.xPendingReadyList
                0x00000000200002c4       0x14 ./common/ThirdParty/FreeRTOS/tasks.o
 .bss.xTasksWaitingTermination
                0x00000000200002d8       0x14 ./common/ThirdParty/FreeRTOS/tasks.o
 .bss.uxDeletedTasksWaitingCleanUp
                0x00000000200002ec        0x4 ./common/ThirdParty/FreeRTOS/tasks.o
 .bss.xSuspendedTaskList
                0x00000000200002f0       0x14 ./common/ThirdParty/FreeRTOS/tasks.o
 .bss.uxCurrentNumberOfTasks
                0x0000000020000304        0x4 ./common/ThirdParty/FreeRTOS/tasks.o
 .bss.xTickCount
                0x0000000020000308        0x4 ./common/ThirdParty/FreeRTOS/tasks.o
 .bss.uxTopReadyPriority
                0x000000002000030c        0x4 ./common/ThirdParty/FreeRTOS/tasks.o
 .bss.xSchedulerRunning
                0x0000000020000310        0x4 ./common/ThirdParty/FreeRTOS/tasks.o
 .bss.xPendedTicks
                0x0000000020000314        0x4 ./common/ThirdParty/FreeRTOS/tasks.o
 .bss.xYieldPending
                0x0000000020000318        0x4 ./common/ThirdParty/FreeRTOS/tasks.o
 .bss.xNumOfOverflows
                0x000000002000031c        0x4 ./common/ThirdParty/FreeRTOS/tasks.o
 .bss.uxTaskNumber
                0x0000000020000320        0x4 ./common/ThirdParty/FreeRTOS/tasks.o
 .bss.xNextTaskUnblockTime
                0x0000000020000324        0x4 ./common/ThirdParty/FreeRTOS/tasks.o
 .bss.xIdleTaskHandle
                0x0000000020000328        0x4 ./common/ThirdParty/FreeRTOS/tasks.o
 .bss.uxSchedulerSuspended
                0x000000002000032c        0x4 ./common/ThirdParty/FreeRTOS/tasks.o
 .bss.xActiveTimerList1
                0x0000000020000330       0x14 ./common/ThirdParty/FreeRTOS/timers.o
 .bss.xActiveTimerList2
                0x0000000020000344       0x14 ./common/ThirdParty/FreeRTOS/timers.o
 .bss.pxCurrentTimerList
                0x0000000020000358        0x4 ./common/ThirdParty/FreeRTOS/timers.o
 .bss.pxOverflowTimerList
                0x000000002000035c        0x4 ./common/ThirdParty/FreeRTOS/timers.o
 .bss.xTimerQueue
                0x0000000020000360        0x4 ./common/ThirdParty/FreeRTOS/timers.o
 .bss.xTimerTaskHandle
                0x0000000020000364        0x4 ./common/ThirdParty/FreeRTOS/timers.o
 .bss.xLastTime.0
                0x0000000020000368        0x4 ./common/ThirdParty/FreeRTOS/timers.o
 .bss.ucMaxSysCallPriority
                0x000000002000036c        0x1 ./common/ThirdParty/FreeRTOS/portable/GCC/ARM_CM4F/port.o
 *fill*         0x000000002000036d        0x3 
 .bss.ulMaxPRIGROUPValue
                0x0000000020000370        0x4 ./common/ThirdParty/FreeRTOS/portable/GCC/ARM_CM4F/port.o
 .bss.ucHeap    0x0000000020000374    0x19000 ./common/ThirdParty/FreeRTOS/portable/MemMang/heap_4.o
 .bss.xStart    0x0000000020019374        0x8 ./common/ThirdParty/FreeRTOS/portable/MemMang/heap_4.o
 .bss.pxEnd     0x000000002001937c        0x4 ./common/ThirdParty/FreeRTOS/portable/MemMang/heap_4.o
 .bss.xFreeBytesRemaining
                0x0000000020019380        0x4 ./common/ThirdParty/FreeRTOS/portable/MemMang/heap_4.o
 .bss.xMinimumEverFreeBytesRemaining
                0x0000000020019384        0x4 ./common/ThirdParty/FreeRTOS/portable/MemMang/heap_4.o
 .bss.xNumberOfSuccessfulAllocations
                0x0000000020019388        0x4 ./common/ThirdParty/FreeRTOS/portable/MemMang/heap_4.o
 .bss.xNumberOfSuccessfulFrees
                0x000000002001938c        0x4 ./common/ThirdParty/FreeRTOS/portable/MemMang/heap_4.o
 .bss.xBlockAllocatedBit
                0x0000000020019390        0x4 ./common/ThirdParty/FreeRTOS/portable/MemMang/heap_4.o
 .bss.__malloc_free_list
                0x0000000020019394        0x4 c:/st/stm32cubeide_1.9.0/stm32cubeide/plugins/com.st.stm32cube.ide.mcu.externaltools.gnu-tools-for-stm32.10.3-2021.10.win32_1.0.0.202111181127/tools/bin/../lib/gcc/arm-none-eabi/10.3.1/../../../../arm-none-eabi/lib/thumb/v7e-m+fp/hard\libc_nano.a(lib_a-nano-mallocr.o)
                0x0000000020019394                __malloc_free_list
 .bss.__malloc_sbrk_start
                0x0000000020019398        0x4 c:/st/stm32cubeide_1.9.0/stm32cubeide/plugins/com.st.stm32cube.ide.mcu.externaltools.gnu-tools-for-stm32.10.3-2021.10.win32_1.0.0.202111181127/tools/bin/../lib/gcc/arm-none-eabi/10.3.1/../../../../arm-none-eabi/lib/thumb/v7e-m+fp/hard\libc_nano.a(lib_a-nano-mallocr.o)
                0x0000000020019398                __malloc_sbrk_start
 .bss.errno     0x000000002001939c        0x4 c:/st/stm32cubeide_1.9.0/stm32cubeide/plugins/com.st.stm32cube.ide.mcu.externaltools.gnu-tools-for-stm32.10.3-2021.10.win32_1.0.0.202111181127/tools/bin/../lib/gcc/arm-none-eabi/10.3.1/../../../../arm-none-eabi/lib/thumb/v7e-m+fp/hard\libc_nano.a(lib_a-reent.o)
                0x000000002001939c                errno
 .bss.__lock___malloc_recursive_mutex
                0x00000000200193a0        0x1 c:/st/stm32cubeide_1.9.0/stm32cubeide/plugins/com.st.stm32cube.ide.mcu.externaltools.gnu-tools-for-stm32.10.3-2021.10.win32_1.0.0.202111181127/tools/bin/../lib/gcc/arm-none-eabi/10.3.1/../../../../arm-none-eabi/lib/thumb/v7e-m+fp/hard\libc_nano.a(lib_a-lock.o)
                0x00000000200193a0                __lock___malloc_recursive_mutex
 *(COMMON)
                0x00000000200193a4                . = ALIGN (0x4)
 *fill*         0x00000000200193a1        0x3 
                0x00000000200193a4                _ebss = .
                0x00000000200193a4                __bss_end__ = _ebss

._user_heap_stack
                0x00000000200193a4      0x604
                0x00000000200193a8                . = ALIGN (0x8)
 *fill*         0x00000000200193a4        0x4 
                [!provide]                        PROVIDE (end = .)
                0x00000000200193a8                PROVIDE (_end = .)
                0x00000000200195a8                . = (. + _Min_Heap_Size)
 *fill*         0x00000000200193a8      0x200 
                0x00000000200199a8                . = (. + _Min_Stack_Size)
 *fill*         0x00000000200195a8      0x400 
                0x00000000200199a8                . = ALIGN (0x8)

/DISCARD/
 libc.a(*)
 libm.a(*)
 libgcc.a(*)

.ARM.attributes
                0x0000000000000000       0x30
 *(.ARM.attributes)
 .ARM.attributes
                0x0000000000000000       0x1e c:/st/stm32cubeide_1.9.0/stm32cubeide/plugins/com.st.stm32cube.ide.mcu.externaltools.gnu-tools-for-stm32.10.3-2021.10.win32_1.0.0.202111181127/tools/bin/../lib/gcc/arm-none-eabi/10.3.1/thumb/v7e-m+fp/hard/crti.o
 .ARM.attributes
                0x000000000000001e       0x34 c:/st/stm32cubeide_1.9.0/stm32cubeide/plugins/com.st.stm32cube.ide.mcu.externaltools.gnu-tools-for-stm32.10.3-2021.10.win32_1.0.0.202111181127/tools/bin/../lib/gcc/arm-none-eabi/10.3.1/thumb/v7e-m+fp/hard/crtbegin.o
 .ARM.attributes
                0x0000000000000052       0x34 ./Core/Src/led_effect.o
 .ARM.attributes
                0x0000000000000086       0x34 ./Core/Src/main.o
 .ARM.attributes
                0x00000000000000ba       0x34 ./Core/Src/rtc.o
 .ARM.attributes
                0x00000000000000ee       0x34 ./Core/Src/stm32f4xx_hal_msp.o
 .ARM.attributes
                0x0000000000000122       0x34 ./Core/Src/stm32f4xx_hal_timebase_tim.o
 .ARM.attributes
                0x0000000000000156       0x34 ./Core/Src/stm32f4xx_it.o
 .ARM.attributes
                0x000000000000018a       0x34 ./Core/Src/sysmem.o
 .ARM.attributes
                0x00000000000001be       0x34 ./Core/Src/system_stm32f4xx.o
 .ARM.attributes
                0x00000000000001f2       0x34 ./Core/Src/task_handler.o
 .ARM.attributes
                0x0000000000000226       0x21 ./Core/Startup/startup_stm32f407vgtx.o
 .ARM.attributes
                0x0000000000000247       0x34 ./Drivers/STM32F4xx_HAL_Driver/Src/stm32f4xx_hal.o
 .ARM.attributes
                0x000000000000027b       0x34 ./Drivers/STM32F4xx_HAL_Driver/Src/stm32f4xx_hal_cortex.o
 .ARM.attributes
                0x00000000000002af       0x34 ./Drivers/STM32F4xx_HAL_Driver/Src/stm32f4xx_hal_dma.o
 .ARM.attributes
                0x00000000000002e3       0x34 ./Drivers/STM32F4xx_HAL_Driver/Src/stm32f4xx_hal_gpio.o
 .ARM.attributes
                0x0000000000000317       0x34 ./Drivers/STM32F4xx_HAL_Driver/Src/stm32f4xx_hal_rcc.o
 .ARM.attributes
                0x000000000000034b       0x34 ./Drivers/STM32F4xx_HAL_Driver/Src/stm32f4xx_hal_rcc_ex.o
 .ARM.attributes
                0x000000000000037f       0x34 ./Drivers/STM32F4xx_HAL_Driver/Src/stm32f4xx_hal_rtc.o
 .ARM.attributes
                0x00000000000003b3       0x34 ./Drivers/STM32F4xx_HAL_Driver/Src/stm32f4xx_hal_tim.o
 .ARM.attributes
                0x00000000000003e7       0x34 ./Drivers/STM32F4xx_HAL_Driver/Src/stm32f4xx_hal_tim_ex.o
 .ARM.attributes
                0x000000000000041b       0x34 ./Drivers/STM32F4xx_HAL_Driver/Src/stm32f4xx_hal_uart.o
 .ARM.attributes
                0x000000000000044f       0x34 ./common/ThirdParty/FreeRTOS/list.o
 .ARM.attributes
                0x0000000000000483       0x34 ./common/ThirdParty/FreeRTOS/queue.o
 .ARM.attributes
                0x00000000000004b7       0x34 ./common/ThirdParty/FreeRTOS/tasks.o
 .ARM.attributes
                0x00000000000004eb       0x34 ./common/ThirdParty/FreeRTOS/timers.o
 .ARM.attributes
                0x000000000000051f       0x34 ./common/ThirdParty/FreeRTOS/portable/GCC/ARM_CM4F/port.o
 .ARM.attributes
                0x0000000000000553       0x34 ./common/ThirdParty/FreeRTOS/portable/MemMang/heap_4.o
 .ARM.attributes
                0x0000000000000587       0x34 c:/st/stm32cubeide_1.9.0/stm32cubeide/plugins/com.st.stm32cube.ide.mcu.externaltools.gnu-tools-for-stm32.10.3-2021.10.win32_1.0.0.202111181127/tools/bin/../lib/gcc/arm-none-eabi/10.3.1/../../../../arm-none-eabi/lib/thumb/v7e-m+fp/hard\libc_nano.a(lib_a-errno.o)
 .ARM.attributes
                0x00000000000005bb       0x34 c:/st/stm32cubeide_1.9.0/stm32cubeide/plugins/com.st.stm32cube.ide.mcu.externaltools.gnu-tools-for-stm32.10.3-2021.10.win32_1.0.0.202111181127/tools/bin/../lib/gcc/arm-none-eabi/10.3.1/../../../../arm-none-eabi/lib/thumb/v7e-m+fp/hard\libc_nano.a(lib_a-impure.o)
 .ARM.attributes
                0x00000000000005ef       0x34 c:/st/stm32cubeide_1.9.0/stm32cubeide/plugins/com.st.stm32cube.ide.mcu.externaltools.gnu-tools-for-stm32.10.3-2021.10.win32_1.0.0.202111181127/tools/bin/../lib/gcc/arm-none-eabi/10.3.1/../../../../arm-none-eabi/lib/thumb/v7e-m+fp/hard\libc_nano.a(lib_a-init.o)
 .ARM.attributes
                0x0000000000000623       0x34 c:/st/stm32cubeide_1.9.0/stm32cubeide/plugins/com.st.stm32cube.ide.mcu.externaltools.gnu-tools-for-stm32.10.3-2021.10.win32_1.0.0.202111181127/tools/bin/../lib/gcc/arm-none-eabi/10.3.1/../../../../arm-none-eabi/lib/thumb/v7e-m+fp/hard\libc_nano.a(lib_a-memcpy-stub.o)
 .ARM.attributes
                0x0000000000000657       0x34 c:/st/stm32cubeide_1.9.0/stm32cubeide/plugins/com.st.stm32cube.ide.mcu.externaltools.gnu-tools-for-stm32.10.3-2021.10.win32_1.0.0.202111181127/tools/bin/../lib/gcc/arm-none-eabi/10.3.1/../../../../arm-none-eabi/lib/thumb/v7e-m+fp/hard\libc_nano.a(lib_a-memset.o)
 .ARM.attributes
                0x000000000000068b       0x34 c:/st/stm32cubeide_1.9.0/stm32cubeide/plugins/com.st.stm32cube.ide.mcu.externaltools.gnu-tools-for-stm32.10.3-2021.10.win32_1.0.0.202111181127/tools/bin/../lib/gcc/arm-none-eabi/10.3.1/../../../../arm-none-eabi/lib/thumb/v7e-m+fp/hard\libc_nano.a(lib_a-sprintf.o)
 .ARM.attributes
                0x00000000000006bf       0x1c c:/st/stm32cubeide_1.9.0/stm32cubeide/plugins/com.st.stm32cube.ide.mcu.externaltools.gnu-tools-for-stm32.10.3-2021.10.win32_1.0.0.202111181127/tools/bin/../lib/gcc/arm-none-eabi/10.3.1/../../../../arm-none-eabi/lib/thumb/v7e-m+fp/hard\libc_nano.a(lib_a-strcmp.o)
 .ARM.attributes
                0x00000000000006db       0x17 c:/st/stm32cubeide_1.9.0/stm32cubeide/plugins/com.st.stm32cube.ide.mcu.externaltools.gnu-tools-for-stm32.10.3-2021.10.win32_1.0.0.202111181127/tools/bin/../lib/gcc/arm-none-eabi/10.3.1/../../../../arm-none-eabi/lib/thumb/v7e-m+fp/hard\libc_nano.a(lib_a-strlen.o)
 .ARM.attributes
                0x00000000000006f2       0x34 c:/st/stm32cubeide_1.9.0/stm32cubeide/plugins/com.st.stm32cube.ide.mcu.externaltools.gnu-tools-for-stm32.10.3-2021.10.win32_1.0.0.202111181127/tools/bin/../lib/gcc/arm-none-eabi/10.3.1/../../../../arm-none-eabi/lib/thumb/v7e-m+fp/hard\libc_nano.a(lib_a-nano-svfprintf.o)
 .ARM.attributes
                0x0000000000000726       0x34 c:/st/stm32cubeide_1.9.0/stm32cubeide/plugins/com.st.stm32cube.ide.mcu.externaltools.gnu-tools-for-stm32.10.3-2021.10.win32_1.0.0.202111181127/tools/bin/../lib/gcc/arm-none-eabi/10.3.1/../../../../arm-none-eabi/lib/thumb/v7e-m+fp/hard\libc_nano.a(lib_a-nano-vfprintf_i.o)
 .ARM.attributes
                0x000000000000075a       0x1c c:/st/stm32cubeide_1.9.0/stm32cubeide/plugins/com.st.stm32cube.ide.mcu.externaltools.gnu-tools-for-stm32.10.3-2021.10.win32_1.0.0.202111181127/tools/bin/../lib/gcc/arm-none-eabi/10.3.1/../../../../arm-none-eabi/lib/thumb/v7e-m+fp/hard\libc_nano.a(lib_a-memchr.o)
 .ARM.attributes
                0x0000000000000776       0x34 c:/st/stm32cubeide_1.9.0/stm32cubeide/plugins/com.st.stm32cube.ide.mcu.externaltools.gnu-tools-for-stm32.10.3-2021.10.win32_1.0.0.202111181127/tools/bin/../lib/gcc/arm-none-eabi/10.3.1/../../../../arm-none-eabi/lib/thumb/v7e-m+fp/hard\libc_nano.a(lib_a-memmove.o)
 .ARM.attributes
                0x00000000000007aa       0x34 c:/st/stm32cubeide_1.9.0/stm32cubeide/plugins/com.st.stm32cube.ide.mcu.externaltools.gnu-tools-for-stm32.10.3-2021.10.win32_1.0.0.202111181127/tools/bin/../lib/gcc/arm-none-eabi/10.3.1/../../../../arm-none-eabi/lib/thumb/v7e-m+fp/hard\libc_nano.a(lib_a-nano-freer.o)
 .ARM.attributes
                0x00000000000007de       0x34 c:/st/stm32cubeide_1.9.0/stm32cubeide/plugins/com.st.stm32cube.ide.mcu.externaltools.gnu-tools-for-stm32.10.3-2021.10.win32_1.0.0.202111181127/tools/bin/../lib/gcc/arm-none-eabi/10.3.1/../../../../arm-none-eabi/lib/thumb/v7e-m+fp/hard\libc_nano.a(lib_a-nano-mallocr.o)
 .ARM.attributes
                0x0000000000000812       0x34 c:/st/stm32cubeide_1.9.0/stm32cubeide/plugins/com.st.stm32cube.ide.mcu.externaltools.gnu-tools-for-stm32.10.3-2021.10.win32_1.0.0.202111181127/tools/bin/../lib/gcc/arm-none-eabi/10.3.1/../../../../arm-none-eabi/lib/thumb/v7e-m+fp/hard\libc_nano.a(lib_a-nano-reallocr.o)
 .ARM.attributes
                0x0000000000000846       0x34 c:/st/stm32cubeide_1.9.0/stm32cubeide/plugins/com.st.stm32cube.ide.mcu.externaltools.gnu-tools-for-stm32.10.3-2021.10.win32_1.0.0.202111181127/tools/bin/../lib/gcc/arm-none-eabi/10.3.1/../../../../arm-none-eabi/lib/thumb/v7e-m+fp/hard\libc_nano.a(lib_a-sbrkr.o)
 .ARM.attributes
                0x000000000000087a       0x34 c:/st/stm32cubeide_1.9.0/stm32cubeide/plugins/com.st.stm32cube.ide.mcu.externaltools.gnu-tools-for-stm32.10.3-2021.10.win32_1.0.0.202111181127/tools/bin/../lib/gcc/arm-none-eabi/10.3.1/../../../../arm-none-eabi/lib/thumb/v7e-m+fp/hard\libc_nano.a(lib_a-mlock.o)
 .ARM.attributes
                0x00000000000008ae       0x34 c:/st/stm32cubeide_1.9.0/stm32cubeide/plugins/com.st.stm32cube.ide.mcu.externaltools.gnu-tools-for-stm32.10.3-2021.10.win32_1.0.0.202111181127/tools/bin/../lib/gcc/arm-none-eabi/10.3.1/../../../../arm-none-eabi/lib/thumb/v7e-m+fp/hard\libc_nano.a(lib_a-nano-msizer.o)
 .ARM.attributes
                0x00000000000008e2       0x34 c:/st/stm32cubeide_1.9.0/stm32cubeide/plugins/com.st.stm32cube.ide.mcu.externaltools.gnu-tools-for-stm32.10.3-2021.10.win32_1.0.0.202111181127/tools/bin/../lib/gcc/arm-none-eabi/10.3.1/../../../../arm-none-eabi/lib/thumb/v7e-m+fp/hard\libc_nano.a(lib_a-reent.o)
 .ARM.attributes
                0x0000000000000916       0x34 c:/st/stm32cubeide_1.9.0/stm32cubeide/plugins/com.st.stm32cube.ide.mcu.externaltools.gnu-tools-for-stm32.10.3-2021.10.win32_1.0.0.202111181127/tools/bin/../lib/gcc/arm-none-eabi/10.3.1/../../../../arm-none-eabi/lib/thumb/v7e-m+fp/hard\libc_nano.a(lib_a-lock.o)
 .ARM.attributes
                0x000000000000094a       0x1e c:/st/stm32cubeide_1.9.0/stm32cubeide/plugins/com.st.stm32cube.ide.mcu.externaltools.gnu-tools-for-stm32.10.3-2021.10.win32_1.0.0.202111181127/tools/bin/../lib/gcc/arm-none-eabi/10.3.1/thumb/v7e-m+fp/hard\libgcc.a(_aeabi_uldivmod.o)
 .ARM.attributes
                0x0000000000000968       0x34 c:/st/stm32cubeide_1.9.0/stm32cubeide/plugins/com.st.stm32cube.ide.mcu.externaltools.gnu-tools-for-stm32.10.3-2021.10.win32_1.0.0.202111181127/tools/bin/../lib/gcc/arm-none-eabi/10.3.1/thumb/v7e-m+fp/hard\libgcc.a(_udivmoddi4.o)
 .ARM.attributes
                0x000000000000099c       0x1e c:/st/stm32cubeide_1.9.0/stm32cubeide/plugins/com.st.stm32cube.ide.mcu.externaltools.gnu-tools-for-stm32.10.3-2021.10.win32_1.0.0.202111181127/tools/bin/../lib/gcc/arm-none-eabi/10.3.1/thumb/v7e-m+fp/hard\libgcc.a(_dvmd_tls.o)
 .ARM.attributes
                0x00000000000009ba       0x1e c:/st/stm32cubeide_1.9.0/stm32cubeide/plugins/com.st.stm32cube.ide.mcu.externaltools.gnu-tools-for-stm32.10.3-2021.10.win32_1.0.0.202111181127/tools/bin/../lib/gcc/arm-none-eabi/10.3.1/thumb/v7e-m+fp/hard/crtn.o
OUTPUT(008Queues_and_Timers.elf elf32-littlearm)
LOAD linker stubs
LOAD c:/st/stm32cubeide_1.9.0/stm32cubeide/plugins/com.st.stm32cube.ide.mcu.externaltools.gnu-tools-for-stm32.10.3-2021.10.win32_1.0.0.202111181127/tools/bin/../lib/gcc/arm-none-eabi/10.3.1/../../../../arm-none-eabi/lib/thumb/v7e-m+fp/hard\libc.a
LOAD c:/st/stm32cubeide_1.9.0/stm32cubeide/plugins/com.st.stm32cube.ide.mcu.externaltools.gnu-tools-for-stm32.10.3-2021.10.win32_1.0.0.202111181127/tools/bin/../lib/gcc/arm-none-eabi/10.3.1/../../../../arm-none-eabi/lib/thumb/v7e-m+fp/hard\libm.a
LOAD c:/st/stm32cubeide_1.9.0/stm32cubeide/plugins/com.st.stm32cube.ide.mcu.externaltools.gnu-tools-for-stm32.10.3-2021.10.win32_1.0.0.202111181127/tools/bin/../lib/gcc/arm-none-eabi/10.3.1/thumb/v7e-m+fp/hard\libgcc.a

.debug_info     0x0000000000000000    0x1703f
 .debug_info    0x0000000000000000      0x3b2 ./Core/Src/led_effect.o
 .debug_info    0x00000000000003b2     0x1958 ./Core/Src/main.o
 .debug_info    0x0000000000001d0a      0x798 ./Core/Src/rtc.o
 .debug_info    0x00000000000024a2     0x1067 ./Core/Src/stm32f4xx_hal_msp.o
 .debug_info    0x0000000000003509      0xc21 ./Core/Src/stm32f4xx_hal_timebase_tim.o
 .debug_info    0x000000000000412a      0x9a9 ./Core/Src/stm32f4xx_it.o
 .debug_info    0x0000000000004ad3      0x171 ./Core/Src/sysmem.o
 .debug_info    0x0000000000004c44      0x523 ./Core/Src/system_stm32f4xx.o
 .debug_info    0x0000000000005167      0xe25 ./Core/Src/task_handler.o
 .debug_info    0x0000000000005f8c       0x22 ./Core/Startup/startup_stm32f407vgtx.o
 .debug_info    0x0000000000005fae      0x97c ./Drivers/STM32F4xx_HAL_Driver/Src/stm32f4xx_hal.o
 .debug_info    0x000000000000692a      0xe1b ./Drivers/STM32F4xx_HAL_Driver/Src/stm32f4xx_hal_cortex.o
 .debug_info    0x0000000000007745      0x94f ./Drivers/STM32F4xx_HAL_Driver/Src/stm32f4xx_hal_dma.o
 .debug_info    0x0000000000008094      0x76a ./Drivers/STM32F4xx_HAL_Driver/Src/stm32f4xx_hal_gpio.o
 .debug_info    0x00000000000087fe      0x966 ./Drivers/STM32F4xx_HAL_Driver/Src/stm32f4xx_hal_rcc.o
 .debug_info    0x0000000000009164      0x569 ./Drivers/STM32F4xx_HAL_Driver/Src/stm32f4xx_hal_rcc_ex.o
 .debug_info    0x00000000000096cd      0xcf8 ./Drivers/STM32F4xx_HAL_Driver/Src/stm32f4xx_hal_rtc.o
 .debug_info    0x000000000000a3c5     0x2bbe ./Drivers/STM32F4xx_HAL_Driver/Src/stm32f4xx_hal_tim.o
 .debug_info    0x000000000000cf83     0x15e0 ./Drivers/STM32F4xx_HAL_Driver/Src/stm32f4xx_hal_tim_ex.o
 .debug_info    0x000000000000e563     0x31bc ./Drivers/STM32F4xx_HAL_Driver/Src/stm32f4xx_hal_uart.o
 .debug_info    0x000000000001171f      0x2d1 ./common/ThirdParty/FreeRTOS/list.o
 .debug_info    0x00000000000119f0     0x18ee ./common/ThirdParty/FreeRTOS/queue.o
 .debug_info    0x00000000000132de     0x23c8 ./common/ThirdParty/FreeRTOS/tasks.o
 .debug_info    0x00000000000156a6      0xedd ./common/ThirdParty/FreeRTOS/timers.o
 .debug_info    0x0000000000016583      0x5af ./common/ThirdParty/FreeRTOS/portable/GCC/ARM_CM4F/port.o
 .debug_info    0x0000000000016b32      0x50d ./common/ThirdParty/FreeRTOS/portable/MemMang/heap_4.o

.debug_abbrev   0x0000000000000000     0x36d6
 .debug_abbrev  0x0000000000000000      0x1c2 ./Core/Src/led_effect.o
 .debug_abbrev  0x00000000000001c2      0x359 ./Core/Src/main.o
 .debug_abbrev  0x000000000000051b      0x19d ./Core/Src/rtc.o
 .debug_abbrev  0x00000000000006b8      0x1ff ./Core/Src/stm32f4xx_hal_msp.o
 .debug_abbrev  0x00000000000008b7      0x1d3 ./Core/Src/stm32f4xx_hal_timebase_tim.o
 .debug_abbrev  0x0000000000000a8a      0x178 ./Core/Src/stm32f4xx_it.o
 .debug_abbrev  0x0000000000000c02       0xbb ./Core/Src/sysmem.o
 .debug_abbrev  0x0000000000000cbd      0x116 ./Core/Src/system_stm32f4xx.o
 .debug_abbrev  0x0000000000000dd3      0x2e3 ./Core/Src/task_handler.o
 .debug_abbrev  0x00000000000010b6       0x12 ./Core/Startup/startup_stm32f407vgtx.o
 .debug_abbrev  0x00000000000010c8      0x20d ./Drivers/STM32F4xx_HAL_Driver/Src/stm32f4xx_hal.o
 .debug_abbrev  0x00000000000012d5      0x316 ./Drivers/STM32F4xx_HAL_Driver/Src/stm32f4xx_hal_cortex.o
 .debug_abbrev  0x00000000000015eb      0x25b ./Drivers/STM32F4xx_HAL_Driver/Src/stm32f4xx_hal_dma.o
 .debug_abbrev  0x0000000000001846      0x1c4 ./Drivers/STM32F4xx_HAL_Driver/Src/stm32f4xx_hal_gpio.o
 .debug_abbrev  0x0000000000001a0a      0x2aa ./Drivers/STM32F4xx_HAL_Driver/Src/stm32f4xx_hal_rcc.o
 .debug_abbrev  0x0000000000001cb4      0x1a8 ./Drivers/STM32F4xx_HAL_Driver/Src/stm32f4xx_hal_rcc_ex.o
 .debug_abbrev  0x0000000000001e5c      0x1f1 ./Drivers/STM32F4xx_HAL_Driver/Src/stm32f4xx_hal_rtc.o
 .debug_abbrev  0x000000000000204d      0x25d ./Drivers/STM32F4xx_HAL_Driver/Src/stm32f4xx_hal_tim.o
 .debug_abbrev  0x00000000000022aa      0x265 ./Drivers/STM32F4xx_HAL_Driver/Src/stm32f4xx_hal_tim_ex.o
 .debug_abbrev  0x000000000000250f      0x2f4 ./Drivers/STM32F4xx_HAL_Driver/Src/stm32f4xx_hal_uart.o
 .debug_abbrev  0x0000000000002803       0xf2 ./common/ThirdParty/FreeRTOS/list.o
 .debug_abbrev  0x00000000000028f5      0x312 ./common/ThirdParty/FreeRTOS/queue.o
 .debug_abbrev  0x0000000000002c07      0x38c ./common/ThirdParty/FreeRTOS/tasks.o
 .debug_abbrev  0x0000000000002f93      0x2d8 ./common/ThirdParty/FreeRTOS/timers.o
 .debug_abbrev  0x000000000000326b      0x259 ./common/ThirdParty/FreeRTOS/portable/GCC/ARM_CM4F/port.o
 .debug_abbrev  0x00000000000034c4      0x212 ./common/ThirdParty/FreeRTOS/portable/MemMang/heap_4.o

.debug_aranges  0x0000000000000000     0x13b8
 .debug_aranges
                0x0000000000000000       0x70 ./Core/Src/led_effect.o
 .debug_aranges
                0x0000000000000070       0x60 ./Core/Src/main.o
 .debug_aranges
                0x00000000000000d0       0x38 ./Core/Src/rtc.o
 .debug_aranges
                0x0000000000000108       0x40 ./Core/Src/stm32f4xx_hal_msp.o
 .debug_aranges
                0x0000000000000148       0x30 ./Core/Src/stm32f4xx_hal_timebase_tim.o
 .debug_aranges
                0x0000000000000178       0x58 ./Core/Src/stm32f4xx_it.o
 .debug_aranges
                0x00000000000001d0       0x20 ./Core/Src/sysmem.o
 .debug_aranges
                0x00000000000001f0       0x28 ./Core/Src/system_stm32f4xx.o
 .debug_aranges
                0x0000000000000218       0x58 ./Core/Src/task_handler.o
 .debug_aranges
                0x0000000000000270       0x28 ./Core/Startup/startup_stm32f407vgtx.o
 .debug_aranges
                0x0000000000000298       0xf0 ./Drivers/STM32F4xx_HAL_Driver/Src/stm32f4xx_hal.o
 .debug_aranges
                0x0000000000000388      0x118 ./Drivers/STM32F4xx_HAL_Driver/Src/stm32f4xx_hal_cortex.o
 .debug_aranges
                0x00000000000004a0       0x90 ./Drivers/STM32F4xx_HAL_Driver/Src/stm32f4xx_hal_dma.o
 .debug_aranges
                0x0000000000000530       0x58 ./Drivers/STM32F4xx_HAL_Driver/Src/stm32f4xx_hal_gpio.o
 .debug_aranges
                0x0000000000000588       0x88 ./Drivers/STM32F4xx_HAL_Driver/Src/stm32f4xx_hal_rcc.o
 .debug_aranges
                0x0000000000000610       0x48 ./Drivers/STM32F4xx_HAL_Driver/Src/stm32f4xx_hal_rcc_ex.o
 .debug_aranges
                0x0000000000000658       0xe8 ./Drivers/STM32F4xx_HAL_Driver/Src/stm32f4xx_hal_rtc.o
 .debug_aranges
                0x0000000000000740      0x3d0 ./Drivers/STM32F4xx_HAL_Driver/Src/stm32f4xx_hal_tim.o
 .debug_aranges
                0x0000000000000b10      0x168 ./Drivers/STM32F4xx_HAL_Driver/Src/stm32f4xx_hal_tim_ex.o
 .debug_aranges
                0x0000000000000c78      0x200 ./Drivers/STM32F4xx_HAL_Driver/Src/stm32f4xx_hal_uart.o
 .debug_aranges
                0x0000000000000e78       0x40 ./common/ThirdParty/FreeRTOS/list.o
 .debug_aranges
                0x0000000000000eb8      0x130 ./common/ThirdParty/FreeRTOS/queue.o
 .debug_aranges
                0x0000000000000fe8      0x218 ./common/ThirdParty/FreeRTOS/tasks.o
 .debug_aranges
                0x0000000000001200       0xd8 ./common/ThirdParty/FreeRTOS/timers.o
 .debug_aranges
                0x00000000000012d8       0x88 ./common/ThirdParty/FreeRTOS/portable/GCC/ARM_CM4F/port.o
 .debug_aranges
                0x0000000000001360       0x58 ./common/ThirdParty/FreeRTOS/portable/MemMang/heap_4.o

.debug_ranges   0x0000000000000000     0x1250
 .debug_ranges  0x0000000000000000       0x60 ./Core/Src/led_effect.o
 .debug_ranges  0x0000000000000060       0x50 ./Core/Src/main.o
 .debug_ranges  0x00000000000000b0       0x28 ./Core/Src/rtc.o
 .debug_ranges  0x00000000000000d8       0x30 ./Core/Src/stm32f4xx_hal_msp.o
 .debug_ranges  0x0000000000000108       0x20 ./Core/Src/stm32f4xx_hal_timebase_tim.o
 .debug_ranges  0x0000000000000128       0x48 ./Core/Src/stm32f4xx_it.o
 .debug_ranges  0x0000000000000170       0x10 ./Core/Src/sysmem.o
 .debug_ranges  0x0000000000000180       0x18 ./Core/Src/system_stm32f4xx.o
 .debug_ranges  0x0000000000000198       0x48 ./Core/Src/task_handler.o
 .debug_ranges  0x00000000000001e0       0x20 ./Core/Startup/startup_stm32f407vgtx.o
 .debug_ranges  0x0000000000000200       0xe0 ./Drivers/STM32F4xx_HAL_Driver/Src/stm32f4xx_hal.o
 .debug_ranges  0x00000000000002e0      0x108 ./Drivers/STM32F4xx_HAL_Driver/Src/stm32f4xx_hal_cortex.o
 .debug_ranges  0x00000000000003e8       0x80 ./Drivers/STM32F4xx_HAL_Driver/Src/stm32f4xx_hal_dma.o
 .debug_ranges  0x0000000000000468       0x48 ./Drivers/STM32F4xx_HAL_Driver/Src/stm32f4xx_hal_gpio.o
 .debug_ranges  0x00000000000004b0       0x78 ./Drivers/STM32F4xx_HAL_Driver/Src/stm32f4xx_hal_rcc.o
 .debug_ranges  0x0000000000000528       0x38 ./Drivers/STM32F4xx_HAL_Driver/Src/stm32f4xx_hal_rcc_ex.o
 .debug_ranges  0x0000000000000560       0xd8 ./Drivers/STM32F4xx_HAL_Driver/Src/stm32f4xx_hal_rtc.o
 .debug_ranges  0x0000000000000638      0x3c0 ./Drivers/STM32F4xx_HAL_Driver/Src/stm32f4xx_hal_tim.o