11:07:11 **** Incremental Build of configuration Debug for project 001Tasks ****
make -j4 all 
arm-none-eabi-gcc -o "001Tasks.elf" @"objects.list"   -mcpu=cortex-m4 -T"C:\Users\LENOVO\Desktop\FreeRTOS Learning\001Tasks\STM32F407VGTX_FLASH.ld" --specs=nosys.specs -Wl,-Map="001Tasks.map" -Wl,--gc-sections -static --specs=nano.specs -mfpu=fpv4-sp-d16 -mfloat-abi=hard -mthumb -Wl,--start-group -lc -lm -Wl,--end-group
Finished building target: 001Tasks.elf
 
arm-none-eabi-size   001Tasks.elf 
arm-none-eabi-objdump -h -S  001Tasks.elf  > "001Tasks.list"
   text	   data	    bss	    dec	    hex	filename
  24404	    128	  84512	 109044	  1a9f4	001Tasks.elf
Finished building: default.size.stdout
 
Finished building: 001Tasks.list
 

11:07:12 Build Finished. 0 errors, 0 warnings. (took 811ms)

